Archive member included because of file (symbol)

c:/users/alex/documents/tools/winavr/bin/../lib/gcc/avr/4.3.3/avr4\libgcc.a(_exit.o)
                              c:/users/alex/documents/tools/winavr/bin/../lib/gcc/avr/4.3.3/../../../../avr/lib/avr4/crtm48.o (exit)
c:/users/alex/documents/tools/winavr/bin/../lib/gcc/avr/4.3.3/avr4\libgcc.a(_clear_bss.o)
                              atmega48.o (__do_clear_bss)

Memory Configuration

Name             Origin             Length             Attributes
text             0x00000000         0x00002000         xr
data             0x00800060         0x0000ffa0         rw !x
eeprom           0x00810000         0x00010000         rw !x
fuse             0x00820000         0x00000400         rw !x
lock             0x00830000         0x00000400         rw !x
signature        0x00840000         0x00000400         rw !x
*default*        0x00000000         0xffffffff

Linker script and memory map

Address of section .data set to 0x800100
LOAD c:/users/alex/documents/tools/winavr/bin/../lib/gcc/avr/4.3.3/../../../../avr/lib/avr4/crtm48.o
LOAD atmega48.o
LOAD rtc.o
LOAD tubes.o
LOAD c:/users/alex/documents/tools/winavr/bin/../lib/gcc/avr/4.3.3/avr4\libgcc.a
LOAD c:/users/alex/documents/tools/winavr/bin/../lib/gcc/avr/4.3.3/../../../../avr/lib/avr4\libc.a
LOAD c:/users/alex/documents/tools/winavr/bin/../lib/gcc/avr/4.3.3/avr4\libgcc.a

.hash
 *(.hash)

.dynsym
 *(.dynsym)

.dynstr
 *(.dynstr)

.gnu.version
 *(.gnu.version)

.gnu.version_d
 *(.gnu.version_d)

.gnu.version_r
 *(.gnu.version_r)

.rel.init
 *(.rel.init)

.rela.init
 *(.rela.init)

.rel.text
 *(.rel.text)
 *(.rel.text.*)
 *(.rel.gnu.linkonce.t*)

.rela.text
 *(.rela.text)
 *(.rela.text.*)
 *(.rela.gnu.linkonce.t*)

.rel.fini
 *(.rel.fini)

.rela.fini
 *(.rela.fini)

.rel.rodata
 *(.rel.rodata)
 *(.rel.rodata.*)
 *(.rel.gnu.linkonce.r*)

.rela.rodata
 *(.rela.rodata)
 *(.rela.rodata.*)
 *(.rela.gnu.linkonce.r*)

.rel.data
 *(.rel.data)
 *(.rel.data.*)
 *(.rel.gnu.linkonce.d*)

.rela.data
 *(.rela.data)
 *(.rela.data.*)
 *(.rela.gnu.linkonce.d*)

.rel.ctors
 *(.rel.ctors)

.rela.ctors
 *(.rela.ctors)

.rel.dtors
 *(.rel.dtors)

.rela.dtors
 *(.rela.dtors)

.rel.got
 *(.rel.got)

.rela.got
 *(.rela.got)

.rel.bss
 *(.rel.bss)

.rela.bss
 *(.rela.bss)

.rel.plt
 *(.rel.plt)

.rela.plt
 *(.rela.plt)

.text           0x00000000      0x2e4
 *(.vectors)
 .vectors       0x00000000       0x34 c:/users/alex/documents/tools/winavr/bin/../lib/gcc/avr/4.3.3/../../../../avr/lib/avr4/crtm48.o
                0x00000000                __vectors
                0x00000000                __vector_default
 *(.vectors)
 *(.progmem.gcc*)
 *(.progmem*)
                0x00000034                . = ALIGN (0x2)
                0x00000034                __trampolines_start = .
 *(.trampolines)
 .trampolines   0x00000034        0x0 linker stubs
 *(.trampolines*)
                0x00000034                __trampolines_end = .
 *(.jumptables)
 *(.jumptables*)
 *(.lowtext)
 *(.lowtext*)
                0x00000034                __ctors_start = .
 *(.ctors)
                0x00000034                __ctors_end = .
                0x00000034                __dtors_start = .
 *(.dtors)
                0x00000034                __dtors_end = .
 SORT(*)(.ctors)
 SORT(*)(.dtors)
 *(.init0)
 .init0         0x00000034        0x0 c:/users/alex/documents/tools/winavr/bin/../lib/gcc/avr/4.3.3/../../../../avr/lib/avr4/crtm48.o
                0x00000034                __init
 *(.init0)
 *(.init1)
 *(.init1)
 *(.init2)
 .init2         0x00000034        0xc c:/users/alex/documents/tools/winavr/bin/../lib/gcc/avr/4.3.3/../../../../avr/lib/avr4/crtm48.o
 *(.init2)
 *(.init3)
 *(.init3)
 *(.init4)
 .init4         0x00000040       0x10 c:/users/alex/documents/tools/winavr/bin/../lib/gcc/avr/4.3.3/avr4\libgcc.a(_clear_bss.o)
                0x00000040                __do_clear_bss
 *(.init4)
 *(.init5)
 *(.init5)
 *(.init6)
 *(.init6)
 *(.init7)
 *(.init7)
 *(.init8)
 *(.init8)
 *(.init9)
 .init9         0x00000050        0x4 c:/users/alex/documents/tools/winavr/bin/../lib/gcc/avr/4.3.3/../../../../avr/lib/avr4/crtm48.o
 *(.init9)
 *(.text)
 .text          0x00000054        0x2 c:/users/alex/documents/tools/winavr/bin/../lib/gcc/avr/4.3.3/../../../../avr/lib/avr4/crtm48.o
                0x00000054                __vector_22
                0x00000054                __vector_1
                0x00000054                __vector_24
                0x00000054                __vector_12
                0x00000054                __bad_interrupt
                0x00000054                __vector_6
                0x00000054                __vector_3
                0x00000054                __vector_23
                0x00000054                __vector_25
                0x00000054                __vector_11
                0x00000054                __vector_13
                0x00000054                __vector_17
                0x00000054                __vector_19
                0x00000054                __vector_5
                0x00000054                __vector_4
                0x00000054                __vector_9
                0x00000054                __vector_2
                0x00000054                __vector_21
                0x00000054                __vector_15
                0x00000054                __vector_8
                0x00000054                __vector_14
                0x00000054                __vector_10
                0x00000054                __vector_16
                0x00000054                __vector_18
                0x00000054                __vector_20
 .text          0x00000056       0xe4 atmega48.o
                0x00000056                timer2_init
                0x00000072                __vector_7
                0x000000e0                main
                0x00000086                chk_button
 .text          0x0000013a      0x11c rtc.o
                0x0000018c                twi_read_nack
                0x0000013a                twi_init
                0x000001a0                write_rtc
                0x00000164                twi_write
                0x000001ea                read_rtc
                0x0000014c                twi_start
                0x0000015c                twi_stop
                0x00000178                twi_read_ack
 .text          0x00000256       0x8a tubes.o
                0x000002d6                write_shift_reg
                0x0000026c                set_tubes
                0x00000256                spi_init_master
 .text          0x000002e0        0x0 c:/users/alex/documents/tools/winavr/bin/../lib/gcc/avr/4.3.3/avr4\libgcc.a(_exit.o)
 .text          0x000002e0        0x0 c:/users/alex/documents/tools/winavr/bin/../lib/gcc/avr/4.3.3/avr4\libgcc.a(_clear_bss.o)
                0x000002e0                . = ALIGN (0x2)
 *(.text.*)
 .text.libgcc   0x000002e0        0x0 c:/users/alex/documents/tools/winavr/bin/../lib/gcc/avr/4.3.3/avr4\libgcc.a(_exit.o)
 .text.libgcc   0x000002e0        0x0 c:/users/alex/documents/tools/winavr/bin/../lib/gcc/avr/4.3.3/avr4\libgcc.a(_clear_bss.o)
                0x000002e0                . = ALIGN (0x2)
 *(.fini9)
 .fini9         0x000002e0        0x0 c:/users/alex/documents/tools/winavr/bin/../lib/gcc/avr/4.3.3/avr4\libgcc.a(_exit.o)
                0x000002e0                exit
                0x000002e0                _exit
 *(.fini9)
 *(.fini8)
 *(.fini8)
 *(.fini7)
 *(.fini7)
 *(.fini6)
 *(.fini6)
 *(.fini5)
 *(.fini5)
 *(.fini4)
 *(.fini4)
 *(.fini3)
 *(.fini3)
 *(.fini2)
 *(.fini2)
 *(.fini1)
 *(.fini1)
 *(.fini0)
 .fini0         0x000002e0        0x4 c:/users/alex/documents/tools/winavr/bin/../lib/gcc/avr/4.3.3/avr4\libgcc.a(_exit.o)
 *(.fini0)
                0x000002e4                _etext = .

.data           0x00800100        0x0 load address 0x000002e4
                0x00800100                PROVIDE (__data_start, .)
 *(.data)
 .data          0x00800100        0x0 c:/users/alex/documents/tools/winavr/bin/../lib/gcc/avr/4.3.3/../../../../avr/lib/avr4/crtm48.o
 .data          0x00800100        0x0 atmega48.o
 .data          0x00800100        0x0 rtc.o
 .data          0x00800100        0x0 tubes.o
 .data          0x00800100        0x0 c:/users/alex/documents/tools/winavr/bin/../lib/gcc/avr/4.3.3/avr4\libgcc.a(_exit.o)
 .data          0x00800100        0x0 c:/users/alex/documents/tools/winavr/bin/../lib/gcc/avr/4.3.3/avr4\libgcc.a(_clear_bss.o)
 *(.data*)
 *(.rodata)
 *(.rodata*)
 *(.gnu.linkonce.d*)
                0x00800100                . = ALIGN (0x2)
                0x00800100                _edata = .
                0x00800100                PROVIDE (__data_end, .)

.bss            0x00800100        0x6
                0x00800100                PROVIDE (__bss_start, .)
 *(.bss)
 .bss           0x00800100        0x0 c:/users/alex/documents/tools/winavr/bin/../lib/gcc/avr/4.3.3/../../../../avr/lib/avr4/crtm48.o
 .bss           0x00800100        0x6 atmega48.o
 .bss           0x00800106        0x0 rtc.o
 .bss           0x00800106        0x0 tubes.o
 .bss           0x00800106        0x0 c:/users/alex/documents/tools/winavr/bin/../lib/gcc/avr/4.3.3/avr4\libgcc.a(_exit.o)
 .bss           0x00800106        0x0 c:/users/alex/documents/tools/winavr/bin/../lib/gcc/avr/4.3.3/avr4\libgcc.a(_clear_bss.o)
 *(.bss*)
 *(COMMON)
                0x00800106                PROVIDE (__bss_end, .)
                0x000002e4                __data_load_start = LOADADDR (.data)
                0x000002e4                __data_load_end = (__data_load_start + SIZEOF (.data))

.noinit         0x00800106        0x0
                0x00800106                PROVIDE (__noinit_start, .)
 *(.noinit*)
                0x00800106                PROVIDE (__noinit_end, .)
                0x00800106                _end = .
                0x00800106                PROVIDE (__heap_start, .)

.eeprom         0x00810000        0x0
 *(.eeprom*)
                0x00810000                __eeprom_end = .

.fuse
 *(.fuse)
 *(.lfuse)
 *(.hfuse)
 *(.efuse)

.lock
 *(.lock*)

.signature
 *(.signature*)

.stab
 *(.stab)

.stabstr
 *(.stabstr)

.stab.excl
 *(.stab.excl)

.stab.exclstr
 *(.stab.exclstr)

.stab.index
 *(.stab.index)

.stab.indexstr
 *(.stab.indexstr)

.comment
 *(.comment)

.debug
 *(.debug)

.line
 *(.line)

.debug_srcinfo
 *(.debug_srcinfo)

.debug_sfnames
 *(.debug_sfnames)

.debug_aranges  0x00000000       0x60
 *(.debug_aranges)
 .debug_aranges
                0x00000000       0x20 atmega48.o
 .debug_aranges
                0x00000020       0x20 rtc.o
 .debug_aranges
                0x00000040       0x20 tubes.o

.debug_pubnames
                0x00000000      0x117
 *(.debug_pubnames)
 .debug_pubnames
                0x00000000       0x49 atmega48.o
 .debug_pubnames
                0x00000049       0x86 rtc.o
 .debug_pubnames
                0x000000cf       0x48 tubes.o

.debug_info     0x00000000      0x6c3
 *(.debug_info)
 .debug_info    0x00000000      0x235 atmega48.o
 .debug_info    0x00000235      0x244 rtc.o
 .debug_info    0x00000479      0x24a tubes.o
 *(.gnu.linkonce.wi.*)

.debug_abbrev   0x00000000      0x3a4
 *(.debug_abbrev)
 .debug_abbrev  0x00000000      0x112 atmega48.o
 .debug_abbrev  0x00000112      0x14e rtc.o
 .debug_abbrev  0x00000260      0x144 tubes.o

.debug_line     0x00000000      0x685
 *(.debug_line)
 .debug_line    0x00000000      0x225 atmega48.o
 .debug_line    0x00000225      0x268 rtc.o
 .debug_line    0x0000048d      0x1f8 tubes.o

.debug_frame    0x00000000      0x120
 *(.debug_frame)
 .debug_frame   0x00000000       0x50 atmega48.o
 .debug_frame   0x00000050       0x90 rtc.o
 .debug_frame   0x000000e0       0x40 tubes.o

.debug_str      0x00000000      0x1f9
 *(.debug_str)
 .debug_str     0x00000000      0x137 atmega48.o
                                0x172 (size before relaxing)
 .debug_str     0x00000137       0x66 rtc.o
                                0x11b (size before relaxing)
 .debug_str     0x0000019d       0x5c tubes.o
                                0x171 (size before relaxing)

.debug_loc      0x00000000      0x156
 *(.debug_loc)
 .debug_loc     0x00000000       0x46 atmega48.o
 .debug_loc     0x00000046       0x4f rtc.o
 .debug_loc     0x00000095       0xc1 tubes.o

.debug_macinfo
 *(.debug_macinfo)
OUTPUT(atmega48.elf elf32-avr)
LOAD linker stubs

.debug_ranges   0x00000000       0x78
 .debug_ranges  0x00000000       0x78 atmega48.o
