
atmega48.elf:     file format elf32-avr

Sections:
Idx Name          Size      VMA       LMA       File off  Algn
  0 .text         000009fe  00000000  00000000  00000094  2**1
                  CONTENTS, ALLOC, LOAD, READONLY, CODE
  1 .bss          0000002e  00800100  00800100  00000a92  2**0
                  ALLOC
  2 .eeprom       00000014  00810000  00810000  00000a92  2**0
                  CONTENTS, ALLOC, LOAD, DATA
  3 .debug_aranges 00000060  00000000  00000000  00000aa6  2**0
                  CONTENTS, READONLY, DEBUGGING
  4 .debug_pubnames 000002c1  00000000  00000000  00000b06  2**0
                  CONTENTS, READONLY, DEBUGGING
  5 .debug_info   00000ac2  00000000  00000000  00000dc7  2**0
                  CONTENTS, READONLY, DEBUGGING
  6 .debug_abbrev 00000467  00000000  00000000  00001889  2**0
                  CONTENTS, READONLY, DEBUGGING
  7 .debug_line   00000c7d  00000000  00000000  00001cf0  2**0
                  CONTENTS, READONLY, DEBUGGING
  8 .debug_frame  00000220  00000000  00000000  00002970  2**2
                  CONTENTS, READONLY, DEBUGGING
  9 .debug_str    00000441  00000000  00000000  00002b90  2**0
                  CONTENTS, READONLY, DEBUGGING
 10 .debug_loc    00000534  00000000  00000000  00002fd1  2**0
                  CONTENTS, READONLY, DEBUGGING
 11 .debug_ranges 00000078  00000000  00000000  00003505  2**0
                  CONTENTS, READONLY, DEBUGGING

Disassembly of section .text:

00000000 <__vectors>:
   0:	2b c0       	rjmp	.+86     	; 0x58 <__ctors_end>
   2:	45 c0       	rjmp	.+138    	; 0x8e <__bad_interrupt>
   4:	44 c0       	rjmp	.+136    	; 0x8e <__bad_interrupt>
   6:	43 c0       	rjmp	.+134    	; 0x8e <__bad_interrupt>
   8:	42 c0       	rjmp	.+132    	; 0x8e <__bad_interrupt>
   a:	41 c0       	rjmp	.+130    	; 0x8e <__bad_interrupt>
   c:	40 c0       	rjmp	.+128    	; 0x8e <__bad_interrupt>
   e:	3f c0       	rjmp	.+126    	; 0x8e <__bad_interrupt>
  10:	3e c0       	rjmp	.+124    	; 0x8e <__bad_interrupt>
  12:	3d c0       	rjmp	.+122    	; 0x8e <__bad_interrupt>
  14:	3c c0       	rjmp	.+120    	; 0x8e <__bad_interrupt>
  16:	5e c3       	rjmp	.+1724   	; 0x6d4 <__vector_11>
  18:	3a c0       	rjmp	.+116    	; 0x8e <__bad_interrupt>
  1a:	39 c0       	rjmp	.+114    	; 0x8e <__bad_interrupt>
  1c:	38 c0       	rjmp	.+112    	; 0x8e <__bad_interrupt>
  1e:	37 c0       	rjmp	.+110    	; 0x8e <__bad_interrupt>
  20:	36 c0       	rjmp	.+108    	; 0x8e <__bad_interrupt>
  22:	35 c0       	rjmp	.+106    	; 0x8e <__bad_interrupt>
  24:	34 c0       	rjmp	.+104    	; 0x8e <__bad_interrupt>
  26:	33 c0       	rjmp	.+102    	; 0x8e <__bad_interrupt>
  28:	32 c0       	rjmp	.+100    	; 0x8e <__bad_interrupt>
  2a:	31 c0       	rjmp	.+98     	; 0x8e <__bad_interrupt>
  2c:	30 c0       	rjmp	.+96     	; 0x8e <__bad_interrupt>
  2e:	2f c0       	rjmp	.+94     	; 0x8e <__bad_interrupt>
  30:	2e c0       	rjmp	.+92     	; 0x8e <__bad_interrupt>
  32:	2d c0       	rjmp	.+90     	; 0x8e <__bad_interrupt>
  34:	21 c4       	rjmp	.+2114   	; 0x878 <dec_to_bin_normal+0x1e>
  36:	22 c4       	rjmp	.+2116   	; 0x87c <dec_to_bin_normal+0x22>
  38:	23 c4       	rjmp	.+2118   	; 0x880 <dec_to_bin_normal+0x26>
  3a:	24 c4       	rjmp	.+2120   	; 0x884 <dec_to_bin_normal+0x2a>
  3c:	25 c4       	rjmp	.+2122   	; 0x888 <dec_to_bin_normal+0x2e>
  3e:	26 c4       	rjmp	.+2124   	; 0x88c <dec_to_bin_normal+0x32>
  40:	27 c4       	rjmp	.+2126   	; 0x890 <dec_to_bin_normal+0x36>
  42:	16 c4       	rjmp	.+2092   	; 0x870 <dec_to_bin_normal+0x16>
  44:	17 c4       	rjmp	.+2094   	; 0x874 <dec_to_bin_normal+0x1a>
  46:	35 c4       	rjmp	.+2154   	; 0x8b2 <dec_to_bin_fucked+0x1e>
  48:	36 c4       	rjmp	.+2156   	; 0x8b6 <dec_to_bin_fucked+0x22>
  4a:	37 c4       	rjmp	.+2158   	; 0x8ba <dec_to_bin_fucked+0x26>
  4c:	38 c4       	rjmp	.+2160   	; 0x8be <dec_to_bin_fucked+0x2a>
  4e:	39 c4       	rjmp	.+2162   	; 0x8c2 <dec_to_bin_fucked+0x2e>
  50:	3a c4       	rjmp	.+2164   	; 0x8c6 <dec_to_bin_fucked+0x32>
  52:	3b c4       	rjmp	.+2166   	; 0x8ca <dec_to_bin_fucked+0x36>
  54:	2a c4       	rjmp	.+2132   	; 0x8aa <dec_to_bin_fucked+0x16>
  56:	2b c4       	rjmp	.+2134   	; 0x8ae <dec_to_bin_fucked+0x1a>

00000058 <__ctors_end>:
  58:	11 24       	eor	r1, r1
  5a:	1f be       	out	0x3f, r1	; 63
  5c:	cf ef       	ldi	r28, 0xFF	; 255
  5e:	d2 e0       	ldi	r29, 0x02	; 2
  60:	de bf       	out	0x3e, r29	; 62
  62:	cd bf       	out	0x3d, r28	; 61

00000064 <__do_copy_data>:
  64:	11 e0       	ldi	r17, 0x01	; 1
  66:	a0 e0       	ldi	r26, 0x00	; 0
  68:	b1 e0       	ldi	r27, 0x01	; 1
  6a:	ee ef       	ldi	r30, 0xFE	; 254
  6c:	f9 e0       	ldi	r31, 0x09	; 9
  6e:	02 c0       	rjmp	.+4      	; 0x74 <.do_copy_data_start>

00000070 <.do_copy_data_loop>:
  70:	05 90       	lpm	r0, Z+
  72:	0d 92       	st	X+, r0

00000074 <.do_copy_data_start>:
  74:	a0 30       	cpi	r26, 0x00	; 0
  76:	b1 07       	cpc	r27, r17
  78:	d9 f7       	brne	.-10     	; 0x70 <.do_copy_data_loop>

0000007a <__do_clear_bss>:
  7a:	11 e0       	ldi	r17, 0x01	; 1
  7c:	a0 e0       	ldi	r26, 0x00	; 0
  7e:	b1 e0       	ldi	r27, 0x01	; 1
  80:	01 c0       	rjmp	.+2      	; 0x84 <.do_clear_bss_start>

00000082 <.do_clear_bss_loop>:
  82:	1d 92       	st	X+, r1

00000084 <.do_clear_bss_start>:
  84:	ae 32       	cpi	r26, 0x2E	; 46
  86:	b1 07       	cpc	r27, r17
  88:	e1 f7       	brne	.-8      	; 0x82 <.do_clear_bss_loop>
  8a:	fd d1       	rcall	.+1018   	; 0x486 <main>
  8c:	b6 c4       	rjmp	.+2412   	; 0x9fa <_exit>

0000008e <__bad_interrupt>:
  8e:	b8 cf       	rjmp	.-144    	; 0x0 <__vectors>

00000090 <chk_button_momt>:
//
uint8_t chk_button_momt(uint8_t button) {
  static uint16_t state[3] = {0,0,0}; //holds present state for 3 seperate buttons
  uint8_t switch_bit = PD3;
  
  switch(button){
  90:	81 30       	cpi	r24, 0x01	; 1
  92:	11 f1       	breq	.+68     	; 0xd8 <chk_button_momt+0x48>
  94:	82 30       	cpi	r24, 0x02	; 2
  96:	19 f1       	breq	.+70     	; 0xde <chk_button_momt+0x4e>
  98:	43 e0       	ldi	r20, 0x03	; 3
  9a:	50 e0       	ldi	r21, 0x00	; 0
		case(2):
			switch_bit = PD5;
			break;
  }
  
  state[button] = (state[button] << 1) | (! bit_is_clear(PIND, switch_bit)) | 0xE000;
  9c:	e8 2f       	mov	r30, r24
  9e:	f0 e0       	ldi	r31, 0x00	; 0
  a0:	29 b1       	in	r18, 0x09	; 9
  a2:	ee 0f       	add	r30, r30
  a4:	ff 1f       	adc	r31, r31
  a6:	e6 5f       	subi	r30, 0xF6	; 246
  a8:	fe 4f       	sbci	r31, 0xFE	; 254
  aa:	80 81       	ld	r24, Z
  ac:	91 81       	ldd	r25, Z+1	; 0x01
  ae:	88 0f       	add	r24, r24
  b0:	99 1f       	adc	r25, r25
  b2:	90 6e       	ori	r25, 0xE0	; 224
  b4:	30 e0       	ldi	r19, 0x00	; 0
  b6:	02 c0       	rjmp	.+4      	; 0xbc <chk_button_momt+0x2c>
  b8:	35 95       	asr	r19
  ba:	27 95       	ror	r18
  bc:	4a 95       	dec	r20
  be:	e2 f7       	brpl	.-8      	; 0xb8 <chk_button_momt+0x28>
  c0:	21 70       	andi	r18, 0x01	; 1
  c2:	30 70       	andi	r19, 0x00	; 0
  c4:	82 2b       	or	r24, r18
  c6:	93 2b       	or	r25, r19
  c8:	91 83       	std	Z+1, r25	; 0x01
  ca:	80 83       	st	Z, r24
  cc:	20 e0       	ldi	r18, 0x00	; 0
  ce:	80 50       	subi	r24, 0x00	; 0
  d0:	90 4f       	sbci	r25, 0xF0	; 240
  d2:	41 f0       	breq	.+16     	; 0xe4 <chk_button_momt+0x54>
  if (state[button] == 0xF000) return 1;
  return 0;
}
  d4:	82 2f       	mov	r24, r18
  d6:	08 95       	ret
//
uint8_t chk_button_momt(uint8_t button) {
  static uint16_t state[3] = {0,0,0}; //holds present state for 3 seperate buttons
  uint8_t switch_bit = PD3;
  
  switch(button){
  d8:	44 e0       	ldi	r20, 0x04	; 4
  da:	50 e0       	ldi	r21, 0x00	; 0
  dc:	df cf       	rjmp	.-66     	; 0x9c <chk_button_momt+0xc>
  de:	45 e0       	ldi	r20, 0x05	; 5
  e0:	50 e0       	ldi	r21, 0x00	; 0
  e2:	dc cf       	rjmp	.-72     	; 0x9c <chk_button_momt+0xc>
		case(2):
			switch_bit = PD5;
			break;
  }
  
  state[button] = (state[button] << 1) | (! bit_is_clear(PIND, switch_bit)) | 0xE000;
  e4:	21 e0       	ldi	r18, 0x01	; 1
  if (state[button] == 0xF000) return 1;
  return 0;
}
  e6:	82 2f       	mov	r24, r18
  e8:	08 95       	ret

000000ea <chk_button_hold>:
//
uint8_t chk_button_hold(uint8_t button) {
  static uint16_t state[3] = {0,0,0}; //holds present state for 3 seperate buttons
  uint8_t switch_bit = PD3;
  
  switch(button){
  ea:	81 30       	cpi	r24, 0x01	; 1
  ec:	11 f1       	breq	.+68     	; 0x132 <chk_button_hold+0x48>
  ee:	82 30       	cpi	r24, 0x02	; 2
  f0:	19 f1       	breq	.+70     	; 0x138 <chk_button_hold+0x4e>
  f2:	43 e0       	ldi	r20, 0x03	; 3
  f4:	50 e0       	ldi	r21, 0x00	; 0
		case(2):
			switch_bit = PD5;
			break;
  }
  
  state[button] = (state[button] << 1) | (! bit_is_clear(PIND, switch_bit)) | 0xE000;
  f6:	e8 2f       	mov	r30, r24
  f8:	f0 e0       	ldi	r31, 0x00	; 0
  fa:	29 b1       	in	r18, 0x09	; 9
  fc:	ee 0f       	add	r30, r30
  fe:	ff 1f       	adc	r31, r31
 100:	ec 5f       	subi	r30, 0xFC	; 252
 102:	fe 4f       	sbci	r31, 0xFE	; 254
 104:	80 81       	ld	r24, Z
 106:	91 81       	ldd	r25, Z+1	; 0x01
 108:	88 0f       	add	r24, r24
 10a:	99 1f       	adc	r25, r25
 10c:	90 6e       	ori	r25, 0xE0	; 224
 10e:	30 e0       	ldi	r19, 0x00	; 0
 110:	02 c0       	rjmp	.+4      	; 0x116 <chk_button_hold+0x2c>
 112:	35 95       	asr	r19
 114:	27 95       	ror	r18
 116:	4a 95       	dec	r20
 118:	e2 f7       	brpl	.-8      	; 0x112 <chk_button_hold+0x28>
 11a:	21 70       	andi	r18, 0x01	; 1
 11c:	30 70       	andi	r19, 0x00	; 0
 11e:	82 2b       	or	r24, r18
 120:	93 2b       	or	r25, r19
 122:	91 83       	std	Z+1, r25	; 0x01
 124:	80 83       	st	Z, r24
 126:	20 e0       	ldi	r18, 0x00	; 0
 128:	80 50       	subi	r24, 0x00	; 0
 12a:	90 4e       	sbci	r25, 0xE0	; 224
 12c:	41 f0       	breq	.+16     	; 0x13e <chk_button_hold+0x54>
  if (state[button] == 0xE000) return 1;
  return 0;
}
 12e:	82 2f       	mov	r24, r18
 130:	08 95       	ret
//
uint8_t chk_button_hold(uint8_t button) {
  static uint16_t state[3] = {0,0,0}; //holds present state for 3 seperate buttons
  uint8_t switch_bit = PD3;
  
  switch(button){
 132:	44 e0       	ldi	r20, 0x04	; 4
 134:	50 e0       	ldi	r21, 0x00	; 0
 136:	df cf       	rjmp	.-66     	; 0xf6 <chk_button_hold+0xc>
 138:	45 e0       	ldi	r20, 0x05	; 5
 13a:	50 e0       	ldi	r21, 0x00	; 0
 13c:	dc cf       	rjmp	.-72     	; 0xf6 <chk_button_hold+0xc>
		case(2):
			switch_bit = PD5;
			break;
  }
  
  state[button] = (state[button] << 1) | (! bit_is_clear(PIND, switch_bit)) | 0xE000;
 13e:	21 e0       	ldi	r18, 0x01	; 1
  if (state[button] == 0xE000) return 1;
  return 0;
}
 140:	82 2f       	mov	r24, r18
 142:	08 95       	ret

00000144 <init_time>:
//******************************************************************************

void init_time(struct time *obj){
 144:	fc 01       	movw	r30, r24
    obj->minutes = 0;
 146:	13 82       	std	Z+3, r1	; 0x03
    obj->minutes_ones = 0;
 148:	14 82       	std	Z+4, r1	; 0x04
    obj->minutes_tens = 0;
 14a:	15 82       	std	Z+5, r1	; 0x05
    obj->hours = 0;
 14c:	16 82       	std	Z+6, r1	; 0x06
    obj->hours_ones = 0;
 14e:	17 82       	std	Z+7, r1	; 0x07
    obj->hours_tens = 0;
 150:	10 86       	std	Z+8, r1	; 0x08
    obj->pm_am_n = 0;
 152:	11 86       	std	Z+9, r1	; 0x09
}
 154:	08 95       	ret

00000156 <increment_hours>:
    write_minutes(); 
    write_hours();
    set_tubes(clock_time.minutes_ones, clock_time.minutes_tens, clock_time.hours_ones, clock_time.hours_tens , TRUE);
}

void increment_hours(struct time *obj){
 156:	fc 01       	movw	r30, r24
    if(obj->hours < 9){
 158:	86 81       	ldd	r24, Z+6	; 0x06
 15a:	89 30       	cpi	r24, 0x09	; 9
 15c:	98 f0       	brcs	.+38     	; 0x184 <increment_hours+0x2e>
        // increment *obj->hours by one;
        obj->hours_ones++;
    }
    else if(obj->hours == 9){
 15e:	89 30       	cpi	r24, 0x09	; 9
 160:	41 f1       	breq	.+80     	; 0x1b2 <increment_hours+0x5c>
        obj->hours_tens=1;
        obj->hours_ones=0;
    }
    else if(obj->hours < 12){
 162:	8c 30       	cpi	r24, 0x0C	; 12
 164:	d0 f4       	brcc	.+52     	; 0x19a <increment_hours+0x44>
        obj->hours_ones++;
 166:	37 81       	ldd	r19, Z+7	; 0x07
 168:	3f 5f       	subi	r19, 0xFF	; 255
 16a:	37 83       	std	Z+7, r19	; 0x07
        obj->pm_am_n = (obj->hours == 11) ? !obj->pm_am_n : obj->pm_am_n; // Switch to AM/PM depending on current state of rolling from 11 to 12.
 16c:	8b 30       	cpi	r24, 0x0B	; 11
 16e:	69 f1       	breq	.+90     	; 0x1ca <increment_hours+0x74>
 170:	91 85       	ldd	r25, Z+9	; 0x09
 172:	91 87       	std	Z+9, r25	; 0x09
    }
    else{
        obj->hours_tens=0;
        obj->hours_ones=1;
    }
    obj->hours = obj->hours_tens*10 + obj->hours_ones;
 174:	80 85       	ldd	r24, Z+8	; 0x08
 176:	2a e0       	ldi	r18, 0x0A	; 10
 178:	82 9f       	mul	r24, r18
 17a:	c0 01       	movw	r24, r0
 17c:	11 24       	eor	r1, r1
 17e:	38 0f       	add	r19, r24
 180:	36 83       	std	Z+6, r19	; 0x06
}
 182:	08 95       	ret
}

void increment_hours(struct time *obj){
    if(obj->hours < 9){
        // increment *obj->hours by one;
        obj->hours_ones++;
 184:	37 81       	ldd	r19, Z+7	; 0x07
 186:	3f 5f       	subi	r19, 0xFF	; 255
 188:	37 83       	std	Z+7, r19	; 0x07
    }
    else{
        obj->hours_tens=0;
        obj->hours_ones=1;
    }
    obj->hours = obj->hours_tens*10 + obj->hours_ones;
 18a:	80 85       	ldd	r24, Z+8	; 0x08
 18c:	2a e0       	ldi	r18, 0x0A	; 10
 18e:	82 9f       	mul	r24, r18
 190:	c0 01       	movw	r24, r0
 192:	11 24       	eor	r1, r1
 194:	38 0f       	add	r19, r24
 196:	36 83       	std	Z+6, r19	; 0x06
}
 198:	08 95       	ret
    else if(obj->hours < 12){
        obj->hours_ones++;
        obj->pm_am_n = (obj->hours == 11) ? !obj->pm_am_n : obj->pm_am_n; // Switch to AM/PM depending on current state of rolling from 11 to 12.
    }
    else{
        obj->hours_tens=0;
 19a:	10 86       	std	Z+8, r1	; 0x08
        obj->hours_ones=1;
 19c:	81 e0       	ldi	r24, 0x01	; 1
 19e:	87 83       	std	Z+7, r24	; 0x07
 1a0:	31 e0       	ldi	r19, 0x01	; 1
    }
    obj->hours = obj->hours_tens*10 + obj->hours_ones;
 1a2:	80 85       	ldd	r24, Z+8	; 0x08
 1a4:	2a e0       	ldi	r18, 0x0A	; 10
 1a6:	82 9f       	mul	r24, r18
 1a8:	c0 01       	movw	r24, r0
 1aa:	11 24       	eor	r1, r1
 1ac:	38 0f       	add	r19, r24
 1ae:	36 83       	std	Z+6, r19	; 0x06
}
 1b0:	08 95       	ret
    if(obj->hours < 9){
        // increment *obj->hours by one;
        obj->hours_ones++;
    }
    else if(obj->hours == 9){
        obj->hours_tens=1;
 1b2:	81 e0       	ldi	r24, 0x01	; 1
 1b4:	80 87       	std	Z+8, r24	; 0x08
        obj->hours_ones=0;
 1b6:	17 82       	std	Z+7, r1	; 0x07
 1b8:	30 e0       	ldi	r19, 0x00	; 0
    }
    else{
        obj->hours_tens=0;
        obj->hours_ones=1;
    }
    obj->hours = obj->hours_tens*10 + obj->hours_ones;
 1ba:	80 85       	ldd	r24, Z+8	; 0x08
 1bc:	2a e0       	ldi	r18, 0x0A	; 10
 1be:	82 9f       	mul	r24, r18
 1c0:	c0 01       	movw	r24, r0
 1c2:	11 24       	eor	r1, r1
 1c4:	38 0f       	add	r19, r24
 1c6:	36 83       	std	Z+6, r19	; 0x06
}
 1c8:	08 95       	ret
        obj->hours_tens=1;
        obj->hours_ones=0;
    }
    else if(obj->hours < 12){
        obj->hours_ones++;
        obj->pm_am_n = (obj->hours == 11) ? !obj->pm_am_n : obj->pm_am_n; // Switch to AM/PM depending on current state of rolling from 11 to 12.
 1ca:	90 e0       	ldi	r25, 0x00	; 0
 1cc:	81 85       	ldd	r24, Z+9	; 0x09
 1ce:	88 23       	and	r24, r24
 1d0:	81 f6       	brne	.-96     	; 0x172 <increment_hours+0x1c>
 1d2:	91 e0       	ldi	r25, 0x01	; 1
 1d4:	91 87       	std	Z+9, r25	; 0x09
 1d6:	ce cf       	rjmp	.-100    	; 0x174 <increment_hours+0x1e>

000001d8 <increment_minutes>:
        obj->hours_ones=1;
    }
    obj->hours = obj->hours_tens*10 + obj->hours_ones;
}

void increment_minutes(struct time *obj){
 1d8:	cf 93       	push	r28
 1da:	df 93       	push	r29
 1dc:	ec 01       	movw	r28, r24
    if((obj->minutes_ones%10 != 9)){
 1de:	2c 81       	ldd	r18, Y+4	; 0x04
 1e0:	82 2f       	mov	r24, r18
 1e2:	6a e0       	ldi	r22, 0x0A	; 10
 1e4:	b2 d3       	rcall	.+1892   	; 0x94a <__udivmodqi4>
 1e6:	99 30       	cpi	r25, 0x09	; 9
 1e8:	69 f0       	breq	.+26     	; 0x204 <increment_minutes+0x2c>
        obj->minutes_ones++; // increment *obj->minutes by one;
 1ea:	2f 5f       	subi	r18, 0xFF	; 255
 1ec:	2c 83       	std	Y+4, r18	; 0x04
    }
    else{
        obj->minutes_ones = 0;
        obj->minutes_tens++; // increment *obj.minutes by one;
    }
    obj->minutes = obj->minutes_tens*10 + obj->minutes_ones;
 1ee:	8d 81       	ldd	r24, Y+5	; 0x05
 1f0:	2a e0       	ldi	r18, 0x0A	; 10
 1f2:	82 9f       	mul	r24, r18
 1f4:	c0 01       	movw	r24, r0
 1f6:	11 24       	eor	r1, r1
 1f8:	2c 81       	ldd	r18, Y+4	; 0x04
 1fa:	28 0f       	add	r18, r24
 1fc:	2b 83       	std	Y+3, r18	; 0x03
}
 1fe:	df 91       	pop	r29
 200:	cf 91       	pop	r28
 202:	08 95       	ret

void increment_minutes(struct time *obj){
    if((obj->minutes_ones%10 != 9)){
        obj->minutes_ones++; // increment *obj->minutes by one;
    }
    else if(obj->minutes_ones%10 == 9 && obj->minutes_tens == 5){
 204:	8d 81       	ldd	r24, Y+5	; 0x05
 206:	85 30       	cpi	r24, 0x05	; 5
 208:	21 f0       	breq	.+8      	; 0x212 <increment_minutes+0x3a>
        obj->minutes_tens = 0;
         // increment *obj->minutes by one;
        increment_hours(obj);
    }
    else{
        obj->minutes_ones = 0;
 20a:	1c 82       	std	Y+4, r1	; 0x04
        obj->minutes_tens++; // increment *obj.minutes by one;
 20c:	8f 5f       	subi	r24, 0xFF	; 255
 20e:	8d 83       	std	Y+5, r24	; 0x05
 210:	ee cf       	rjmp	.-36     	; 0x1ee <increment_minutes+0x16>
void increment_minutes(struct time *obj){
    if((obj->minutes_ones%10 != 9)){
        obj->minutes_ones++; // increment *obj->minutes by one;
    }
    else if(obj->minutes_ones%10 == 9 && obj->minutes_tens == 5){
        obj->minutes_ones = 0;
 212:	1c 82       	std	Y+4, r1	; 0x04
        obj->minutes_tens = 0;
 214:	1d 82       	std	Y+5, r1	; 0x05
         // increment *obj->minutes by one;
        increment_hours(obj);
 216:	ce 01       	movw	r24, r28
 218:	9e df       	rcall	.-196    	; 0x156 <increment_hours>
 21a:	e9 cf       	rjmp	.-46     	; 0x1ee <increment_minutes+0x16>

0000021c <convt_24hr>:
    clock_time.hours_tens = ((read_data>>4)&0x1);
    clock_time.pm_am_n = ((read_data>>5)&0x1);
    clock_time.hours = clock_time.hours_tens*10 + clock_time.hours_ones;
}

void convt_24hr(uint8_t *hrs_tens_24, uint8_t *hrs_ones_24, struct time *obj){
 21c:	cf 93       	push	r28
 21e:	df 93       	push	r29
 220:	ec 01       	movw	r28, r24
 222:	9b 01       	movw	r18, r22
 224:	fa 01       	movw	r30, r20
    if(obj->pm_am_n){
 226:	81 85       	ldd	r24, Z+9	; 0x09
 228:	88 23       	and	r24, r24
 22a:	a9 f0       	breq	.+42     	; 0x256 <convt_24hr+0x3a>
        if(*hrs_tens_24 == 1 && *hrs_ones_24 == 2){
 22c:	98 81       	ld	r25, Y
 22e:	91 30       	cpi	r25, 0x01	; 1
 230:	e9 f0       	breq	.+58     	; 0x26c <convt_24hr+0x50>
            *hrs_tens_24 = *hrs_tens_24;
            *hrs_ones_24 = *hrs_ones_24;
        }
        else{
            *hrs_tens_24 = (obj->hours+12)/10;
 232:	86 81       	ldd	r24, Z+6	; 0x06
 234:	90 e0       	ldi	r25, 0x00	; 0
 236:	0c 96       	adiw	r24, 0x0c	; 12
 238:	6a e0       	ldi	r22, 0x0A	; 10
 23a:	70 e0       	ldi	r23, 0x00	; 0
 23c:	92 d3       	rcall	.+1828   	; 0x962 <__divmodhi4>
 23e:	68 83       	st	Y, r22
            *hrs_ones_24 = (obj->hours+12)%10;
 240:	86 81       	ldd	r24, Z+6	; 0x06
 242:	90 e0       	ldi	r25, 0x00	; 0
 244:	0c 96       	adiw	r24, 0x0c	; 12
 246:	6a e0       	ldi	r22, 0x0A	; 10
 248:	70 e0       	ldi	r23, 0x00	; 0
 24a:	8b d3       	rcall	.+1814   	; 0x962 <__divmodhi4>
 24c:	f9 01       	movw	r30, r18
 24e:	80 83       	st	Z, r24
        else{
            *hrs_tens_24 = *hrs_tens_24;
            *hrs_ones_24 = *hrs_ones_24;
        }
    }
}
 250:	df 91       	pop	r29
 252:	cf 91       	pop	r28
 254:	08 95       	ret
            *hrs_tens_24 = (obj->hours+12)/10;
            *hrs_ones_24 = (obj->hours+12)%10;
        }
    }
    else{
        if(*hrs_tens_24 == 1 && *hrs_ones_24 == 2){
 256:	98 81       	ld	r25, Y
 258:	91 30       	cpi	r25, 0x01	; 1
 25a:	69 f0       	breq	.+26     	; 0x276 <convt_24hr+0x5a>
 25c:	fb 01       	movw	r30, r22
 25e:	80 81       	ld	r24, Z
            *hrs_tens_24 = 0;
            *hrs_ones_24 = 0;
        }
        else{
            *hrs_tens_24 = *hrs_tens_24;
 260:	98 83       	st	Y, r25
            *hrs_ones_24 = *hrs_ones_24;
 262:	d9 01       	movw	r26, r18
 264:	8c 93       	st	X, r24
        }
    }
}
 266:	df 91       	pop	r29
 268:	cf 91       	pop	r28
 26a:	08 95       	ret
    clock_time.hours = clock_time.hours_tens*10 + clock_time.hours_ones;
}

void convt_24hr(uint8_t *hrs_tens_24, uint8_t *hrs_ones_24, struct time *obj){
    if(obj->pm_am_n){
        if(*hrs_tens_24 == 1 && *hrs_ones_24 == 2){
 26c:	db 01       	movw	r26, r22
 26e:	8c 91       	ld	r24, X
 270:	82 30       	cpi	r24, 0x02	; 2
 272:	f9 f6       	brne	.-66     	; 0x232 <convt_24hr+0x16>
 274:	f8 cf       	rjmp	.-16     	; 0x266 <convt_24hr+0x4a>
            *hrs_tens_24 = (obj->hours+12)/10;
            *hrs_ones_24 = (obj->hours+12)%10;
        }
    }
    else{
        if(*hrs_tens_24 == 1 && *hrs_ones_24 == 2){
 276:	db 01       	movw	r26, r22
 278:	8c 91       	ld	r24, X
 27a:	82 30       	cpi	r24, 0x02	; 2
 27c:	89 f7       	brne	.-30     	; 0x260 <convt_24hr+0x44>
            *hrs_tens_24 = 0;
 27e:	18 82       	st	Y, r1
            *hrs_ones_24 = 0;
 280:	1c 92       	st	X, r1
 282:	f1 cf       	rjmp	.-30     	; 0x266 <convt_24hr+0x4a>

00000284 <timer1_init>:
//			timer1 init
//initializes timer1 to handle updating time.
//Do this twice a second. This is probably still to frequent,
// but should be safe enough.
void timer1_init(void){
  cli();
 284:	f8 94       	cli
  TCCR1A = 0;
 286:	10 92 80 00 	sts	0x0080, r1
  TCCR1B |= (1<<WGM12)|(1<<CS12)|(1<<CS10); // Cio/1024
 28a:	e1 e8       	ldi	r30, 0x81	; 129
 28c:	f0 e0       	ldi	r31, 0x00	; 0
 28e:	80 81       	ld	r24, Z
 290:	8d 60       	ori	r24, 0x0D	; 13
 292:	80 83       	st	Z, r24
  // OCR1A = 0x30D;			  	   // Freq ~ 10Hz
  OCR1A = 0xF41;	               // Freq ~ 2Hz
 294:	81 e4       	ldi	r24, 0x41	; 65
 296:	9f e0       	ldi	r25, 0x0F	; 15
 298:	90 93 89 00 	sts	0x0089, r25
 29c:	80 93 88 00 	sts	0x0088, r24
  TIMSK1 |= (1<<OCIE1A);		   // Enable interrupt
 2a0:	ef e6       	ldi	r30, 0x6F	; 111
 2a2:	f0 e0       	ldi	r31, 0x00	; 0
 2a4:	80 81       	ld	r24, Z
 2a6:	82 60       	ori	r24, 0x02	; 2
 2a8:	80 83       	st	Z, r24
  sei();
 2aa:	78 94       	sei
}
 2ac:	08 95       	ret

000002ae <trim_rtc>:
// due to average RTC Fmeas = ~32,767.682Hz
// See mcp7940n.pdf pg. 30 for calculation of this number.
void trim_rtc(void){
    static uint8_t trim_comp = 0;

    write_rtc(0x8, ((1<<7)|((14+trim_comp)<<0))); // Trim for observed drift
 2ae:	88 e0       	ldi	r24, 0x08	; 8
 2b0:	6e e8       	ldi	r22, 0x8E	; 142
 2b2:	66 d2       	rcall	.+1228   	; 0x780 <write_rtc>

    //alternate trim comp by 1 every time this is called to achieve a half value.
    // trim_comp = (trim_comp == 0) ? 1 : 0;
}
 2b4:	08 95       	ret

000002b6 <write_minutes>:
void write_hours(void){
    write_rtc(0x02,((1<<6)|(clock_time.pm_am_n << 5)|((clock_time.hours_tens&0x1) << 4)|(clock_time.hours_ones&0xF))); 
}

void write_minutes(void){
    write_rtc(0x01, (((clock_time.minutes_tens&0x7)<<4)|(clock_time.minutes_ones&0xF)));
 2b6:	80 91 29 01 	lds	r24, 0x0129
 2ba:	90 e0       	ldi	r25, 0x00	; 0
 2bc:	87 70       	andi	r24, 0x07	; 7
 2be:	90 70       	andi	r25, 0x00	; 0
 2c0:	82 95       	swap	r24
 2c2:	92 95       	swap	r25
 2c4:	90 7f       	andi	r25, 0xF0	; 240
 2c6:	98 27       	eor	r25, r24
 2c8:	80 7f       	andi	r24, 0xF0	; 240
 2ca:	98 27       	eor	r25, r24
 2cc:	60 91 28 01 	lds	r22, 0x0128
 2d0:	6f 70       	andi	r22, 0x0F	; 15
 2d2:	68 2b       	or	r22, r24
 2d4:	81 e0       	ldi	r24, 0x01	; 1
 2d6:	54 d2       	rcall	.+1192   	; 0x780 <write_rtc>
}
 2d8:	08 95       	ret

000002da <write_hours>:
	// write_rtc(0x00, ((1<<7)|((clock_time.seconds_tens&0x7) << 4)|(clock_time.seconds_ones&0xF)))  ; // set the seconds + enable the RTC oscillator 
	write_rtc(0x00, ((1<<7)|((0&0x7) << 4)|(clock_time.seconds_ones&0xF)))  ; // set the seconds + enable the RTC oscillator 
}

void write_hours(void){
    write_rtc(0x02,((1<<6)|(clock_time.pm_am_n << 5)|((clock_time.hours_tens&0x1) << 4)|(clock_time.hours_ones&0xF))); 
 2da:	80 91 2b 01 	lds	r24, 0x012B
 2de:	8f 70       	andi	r24, 0x0F	; 15
 2e0:	80 64       	ori	r24, 0x40	; 64
 2e2:	60 91 2d 01 	lds	r22, 0x012D
 2e6:	62 95       	swap	r22
 2e8:	66 0f       	add	r22, r22
 2ea:	60 7e       	andi	r22, 0xE0	; 224
 2ec:	68 2b       	or	r22, r24
 2ee:	80 91 2c 01 	lds	r24, 0x012C
 2f2:	90 e0       	ldi	r25, 0x00	; 0
 2f4:	81 70       	andi	r24, 0x01	; 1
 2f6:	90 70       	andi	r25, 0x00	; 0
 2f8:	82 95       	swap	r24
 2fa:	92 95       	swap	r25
 2fc:	90 7f       	andi	r25, 0xF0	; 240
 2fe:	98 27       	eor	r25, r24
 300:	80 7f       	andi	r24, 0xF0	; 240
 302:	98 27       	eor	r25, r24
 304:	68 2b       	or	r22, r24
 306:	82 e0       	ldi	r24, 0x02	; 2
 308:	3b d2       	rcall	.+1142   	; 0x780 <write_rtc>
}
 30a:	08 95       	ret

0000030c <write_seconds>:
    obj->pm_am_n = 0;
}

void write_seconds(void){
	// write_rtc(0x00, ((1<<7)|((clock_time.seconds_tens&0x7) << 4)|(clock_time.seconds_ones&0xF)))  ; // set the seconds + enable the RTC oscillator 
	write_rtc(0x00, ((1<<7)|((0&0x7) << 4)|(clock_time.seconds_ones&0xF)))  ; // set the seconds + enable the RTC oscillator 
 30c:	60 91 25 01 	lds	r22, 0x0125
 310:	6f 70       	andi	r22, 0x0F	; 15
 312:	60 68       	ori	r22, 0x80	; 128
 314:	80 e0       	ldi	r24, 0x00	; 0
 316:	34 d2       	rcall	.+1128   	; 0x780 <write_rtc>
}
 318:	08 95       	ret

0000031a <get_time_change>:
            *hrs_ones_24 = *hrs_ones_24;
        }
    }
}

void get_time_change(struct time *obj, uint16_t top_cnt){
 31a:	ef 92       	push	r14
 31c:	ff 92       	push	r15
 31e:	0f 93       	push	r16
 320:	1f 93       	push	r17
 322:	df 93       	push	r29
 324:	cf 93       	push	r28
 326:	00 d0       	rcall	.+0      	; 0x328 <get_time_change+0xe>
 328:	cd b7       	in	r28, 0x3d	; 61
 32a:	de b7       	in	r29, 0x3e	; 62
 32c:	8c 01       	movw	r16, r24
 32e:	7b 01       	movw	r14, r22
    static uint16_t dot_cnt;
    uint8_t hours_tens_24hr;
    uint8_t hours_ones_24hr;

    if(chk_button_momt(0)){
 330:	80 e0       	ldi	r24, 0x00	; 0
 332:	ae de       	rcall	.-676    	; 0x90 <chk_button_momt>
 334:	88 23       	and	r24, r24
 336:	71 f1       	breq	.+92     	; 0x394 <get_time_change+0x7a>
        increment_hours(obj);
 338:	c8 01       	movw	r24, r16
 33a:	0d df       	rcall	.-486    	; 0x156 <increment_hours>
    }
    else if(chk_button_momt(1)){
        increment_minutes(obj);
    }
    dot_cnt = (dot_cnt >= top_cnt) ? 0 : dot_cnt + 1;
 33c:	80 91 00 01 	lds	r24, 0x0100
 340:	90 91 01 01 	lds	r25, 0x0101
 344:	8e 15       	cp	r24, r14
 346:	9f 05       	cpc	r25, r15
 348:	90 f5       	brcc	.+100    	; 0x3ae <get_time_change+0x94>
 34a:	01 96       	adiw	r24, 0x01	; 1
 34c:	ff 24       	eor	r15, r15
 34e:	80 38       	cpi	r24, 0x80	; 128
 350:	91 05       	cpc	r25, r1
 352:	90 f1       	brcs	.+100    	; 0x3b8 <get_time_change+0x9e>
 354:	90 93 01 01 	sts	0x0101, r25
 358:	80 93 00 01 	sts	0x0100, r24

    hours_tens_24hr = obj->hours_tens;
 35c:	f8 01       	movw	r30, r16
 35e:	80 85       	ldd	r24, Z+8	; 0x08
 360:	89 83       	std	Y+1, r24	; 0x01
    hours_ones_24hr = obj->hours_ones;
 362:	87 81       	ldd	r24, Z+7	; 0x07
 364:	8a 83       	std	Y+2, r24	; 0x02
    convt_24hr(&hours_tens_24hr, &hours_ones_24hr, obj);
 366:	ce 01       	movw	r24, r28
 368:	01 96       	adiw	r24, 0x01	; 1
 36a:	be 01       	movw	r22, r28
 36c:	6e 5f       	subi	r22, 0xFE	; 254
 36e:	7f 4f       	sbci	r23, 0xFF	; 255
 370:	a8 01       	movw	r20, r16
 372:	54 df       	rcall	.-344    	; 0x21c <convt_24hr>

    set_tubes(obj->minutes_ones, obj->minutes_tens, hours_ones_24hr, hours_tens_24hr, (dot_cnt <128));
 374:	f8 01       	movw	r30, r16
 376:	84 81       	ldd	r24, Z+4	; 0x04
 378:	65 81       	ldd	r22, Z+5	; 0x05
 37a:	4a 81       	ldd	r20, Y+2	; 0x02
 37c:	29 81       	ldd	r18, Y+1	; 0x01
 37e:	0f 2d       	mov	r16, r15
 380:	a6 d2       	rcall	.+1356   	; 0x8ce <set_tubes>
}
 382:	0f 90       	pop	r0
 384:	0f 90       	pop	r0
 386:	cf 91       	pop	r28
 388:	df 91       	pop	r29
 38a:	1f 91       	pop	r17
 38c:	0f 91       	pop	r16
 38e:	ff 90       	pop	r15
 390:	ef 90       	pop	r14
 392:	08 95       	ret
    uint8_t hours_ones_24hr;

    if(chk_button_momt(0)){
        increment_hours(obj);
    }
    else if(chk_button_momt(1)){
 394:	81 e0       	ldi	r24, 0x01	; 1
 396:	7c de       	rcall	.-776    	; 0x90 <chk_button_momt>
 398:	88 23       	and	r24, r24
 39a:	81 f2       	breq	.-96     	; 0x33c <get_time_change+0x22>
        increment_minutes(obj);
 39c:	c8 01       	movw	r24, r16
 39e:	1c df       	rcall	.-456    	; 0x1d8 <increment_minutes>
    }
    dot_cnt = (dot_cnt >= top_cnt) ? 0 : dot_cnt + 1;
 3a0:	80 91 00 01 	lds	r24, 0x0100
 3a4:	90 91 01 01 	lds	r25, 0x0101
 3a8:	8e 15       	cp	r24, r14
 3aa:	9f 05       	cpc	r25, r15
 3ac:	70 f2       	brcs	.-100    	; 0x34a <get_time_change+0x30>
 3ae:	80 e0       	ldi	r24, 0x00	; 0
 3b0:	90 e0       	ldi	r25, 0x00	; 0
 3b2:	ff 24       	eor	r15, r15
 3b4:	f3 94       	inc	r15
 3b6:	ce cf       	rjmp	.-100    	; 0x354 <get_time_change+0x3a>
 3b8:	ff 24       	eor	r15, r15
 3ba:	f3 94       	inc	r15
 3bc:	cb cf       	rjmp	.-106    	; 0x354 <get_time_change+0x3a>

000003be <cathode_poisin_prevention>:
        obj->minutes_tens++; // increment *obj.minutes by one;
    }
    obj->minutes = obj->minutes_tens*10 + obj->minutes_ones;
}

void cathode_poisin_prevention(void){
 3be:	0f 93       	push	r16
    static uint8_t hold_cnt;
    static uint8_t digit = 0;

    hold_cnt++;
 3c0:	80 91 03 01 	lds	r24, 0x0103
 3c4:	8f 5f       	subi	r24, 0xFF	; 255
 3c6:	80 93 03 01 	sts	0x0103, r24

    if(hold_cnt == 255){
 3ca:	8f 3f       	cpi	r24, 0xFF	; 255
 3cc:	49 f0       	breq	.+18     	; 0x3e0 <cathode_poisin_prevention+0x22>
        digit = digit == 9 ? 0 : digit + 1;
    }
    set_tubes( digit, digit, digit, digit , FALSE);
 3ce:	20 91 02 01 	lds	r18, 0x0102
 3d2:	82 2f       	mov	r24, r18
 3d4:	62 2f       	mov	r22, r18
 3d6:	42 2f       	mov	r20, r18
 3d8:	00 e0       	ldi	r16, 0x00	; 0
 3da:	79 d2       	rcall	.+1266   	; 0x8ce <set_tubes>
}
 3dc:	0f 91       	pop	r16
 3de:	08 95       	ret
    static uint8_t digit = 0;

    hold_cnt++;

    if(hold_cnt == 255){
        digit = digit == 9 ? 0 : digit + 1;
 3e0:	80 91 02 01 	lds	r24, 0x0102
 3e4:	89 30       	cpi	r24, 0x09	; 9
 3e6:	21 f0       	breq	.+8      	; 0x3f0 <cathode_poisin_prevention+0x32>
 3e8:	8f 5f       	subi	r24, 0xFF	; 255
 3ea:	80 93 02 01 	sts	0x0102, r24
 3ee:	ef cf       	rjmp	.-34     	; 0x3ce <cathode_poisin_prevention+0x10>
 3f0:	80 e0       	ldi	r24, 0x00	; 0
 3f2:	fb cf       	rjmp	.-10     	; 0x3ea <cathode_poisin_prevention+0x2c>

000003f4 <update_time>:

void write_minutes(void){
    write_rtc(0x01, (((clock_time.minutes_tens&0x7)<<4)|(clock_time.minutes_ones&0xF)));
}

void update_time(void){
 3f4:	0f 93       	push	r16
    write_minutes(); 
 3f6:	5f df       	rcall	.-322    	; 0x2b6 <write_minutes>
    write_hours();
 3f8:	70 df       	rcall	.-288    	; 0x2da <write_hours>
    set_tubes(clock_time.minutes_ones, clock_time.minutes_tens, clock_time.hours_ones, clock_time.hours_tens , TRUE);
 3fa:	80 91 28 01 	lds	r24, 0x0128
 3fe:	60 91 29 01 	lds	r22, 0x0129
 402:	40 91 2b 01 	lds	r20, 0x012B
 406:	20 91 2c 01 	lds	r18, 0x012C
 40a:	01 e0       	ldi	r16, 0x01	; 1
 40c:	60 d2       	rcall	.+1216   	; 0x8ce <set_tubes>
}
 40e:	0f 91       	pop	r16
 410:	08 95       	ret

00000412 <get_time>:
        digit = digit == 9 ? 0 : digit + 1;
    }
    set_tubes( digit, digit, digit, digit , FALSE);
}

void get_time(void){
 412:	1f 93       	push	r17
	uint8_t read_data;
    read_data=read_rtc(0x00); // Read the clock_time.seconds
 414:	80 e0       	ldi	r24, 0x00	; 0
 416:	d9 d1       	rcall	.+946    	; 0x7ca <read_rtc>
    clock_time.seconds_ones = (read_data&0x0F);
 418:	28 2f       	mov	r18, r24
 41a:	2f 70       	andi	r18, 0x0F	; 15
 41c:	20 93 25 01 	sts	0x0125, r18
    clock_time.seconds_tens = (read_data>>4)&0x7;
 420:	82 95       	swap	r24
 422:	87 70       	andi	r24, 0x07	; 7
 424:	80 93 26 01 	sts	0x0126, r24
    clock_time.seconds = clock_time.seconds_tens*10 + clock_time.seconds_ones;
 428:	1a e0       	ldi	r17, 0x0A	; 10
 42a:	81 9f       	mul	r24, r17
 42c:	c0 01       	movw	r24, r0
 42e:	11 24       	eor	r1, r1
 430:	28 0f       	add	r18, r24
 432:	20 93 24 01 	sts	0x0124, r18

    read_data=read_rtc(0x01); // Read the clock_time.minutes
 436:	81 e0       	ldi	r24, 0x01	; 1
 438:	c8 d1       	rcall	.+912    	; 0x7ca <read_rtc>
    clock_time.minutes_ones = (read_data&0x0F);
 43a:	28 2f       	mov	r18, r24
 43c:	2f 70       	andi	r18, 0x0F	; 15
 43e:	20 93 28 01 	sts	0x0128, r18
    clock_time.minutes_tens = (read_data>>4);
 442:	82 95       	swap	r24
 444:	8f 70       	andi	r24, 0x0F	; 15
 446:	80 93 29 01 	sts	0x0129, r24
    clock_time.minutes = clock_time.minutes_tens*10 + clock_time.minutes_ones;
 44a:	81 9f       	mul	r24, r17
 44c:	c0 01       	movw	r24, r0
 44e:	11 24       	eor	r1, r1
 450:	28 0f       	add	r18, r24
 452:	20 93 27 01 	sts	0x0127, r18

    read_data=read_rtc(0x02); // Read the clock_time.hours
 456:	82 e0       	ldi	r24, 0x02	; 2
 458:	b8 d1       	rcall	.+880    	; 0x7ca <read_rtc>
    clock_time.hours_ones = (read_data&0x0F);
 45a:	98 2f       	mov	r25, r24
 45c:	9f 70       	andi	r25, 0x0F	; 15
 45e:	90 93 2b 01 	sts	0x012B, r25
    clock_time.hours_tens = ((read_data>>4)&0x1);
 462:	82 95       	swap	r24
 464:	8f 70       	andi	r24, 0x0F	; 15
 466:	28 2f       	mov	r18, r24
 468:	21 70       	andi	r18, 0x01	; 1
 46a:	20 93 2c 01 	sts	0x012C, r18
    clock_time.pm_am_n = ((read_data>>5)&0x1);
 46e:	86 95       	lsr	r24
 470:	81 70       	andi	r24, 0x01	; 1
 472:	80 93 2d 01 	sts	0x012D, r24
    clock_time.hours = clock_time.hours_tens*10 + clock_time.hours_ones;
 476:	21 9f       	mul	r18, r17
 478:	90 01       	movw	r18, r0
 47a:	11 24       	eor	r1, r1
 47c:	92 0f       	add	r25, r18
 47e:	90 93 2a 01 	sts	0x012A, r25
}
 482:	1f 91       	pop	r17
 484:	08 95       	ret

00000486 <main>:
    get_time();
}
//*******************************************************

//*******************************************************
uint8_t main(void){
 486:	ef 92       	push	r14
 488:	ff 92       	push	r15
 48a:	0f 93       	push	r16
 48c:	1f 93       	push	r17
 48e:	cf 93       	push	r28
 490:	df 93       	push	r29
    uint8_t mode = 0; // 0 = time, 1 = time_set, 2=power_off_start, 3=power_off_stop
    uint8_t power_en;
    uint8_t user_override = FALSE;

    // Power off nixie supply ASAP
	PORTC &= ~(1<<PC3); //keep Nixie Supply off at poweron
 492:	43 98       	cbi	0x08, 3	; 8
    DDRC |= (1<<PC3);   // Set PC3 as an output
 494:	3b 9a       	sbi	0x07, 3	; 7
	
	//Buttons
	DDRD |= (1<<PD6) | (1<<PD7); // Set PD6 and PD7 as outputs
 496:	8a b1       	in	r24, 0x0a	; 10
 498:	80 6c       	ori	r24, 0xC0	; 192
 49a:	8a b9       	out	0x0a, r24	; 10
	DDRD &= ~(1<<PD3); // SW4
 49c:	53 98       	cbi	0x0a, 3	; 10
	DDRD &= ~(1<<PD4); // SW3
 49e:	54 98       	cbi	0x0a, 4	; 10
	DDRD &= ~(1<<PD5); // SW2
 4a0:	55 98       	cbi	0x0a, 5	; 10
	PORTD |= (1<<PD3) | (1<<PD4) | (1<<PD5); //enable pullups
 4a2:	8b b1       	in	r24, 0x0b	; 11
 4a4:	88 63       	ori	r24, 0x38	; 56
 4a6:	8b b9       	out	0x0b, r24	; 11
	PORTD |= (1<<PD6); 		//keep LEDs off to start
 4a8:	5e 9a       	sbi	0x0b, 6	; 11
	PORTD |= (1<<PD7); 		//keep LEDs off to start
 4aa:	5f 9a       	sbi	0x0b, 7	; 11


	// PORTD &= ~(1<<PD6);
	// PORTD &= ~(1<<PD7);

	twi_init();
 4ac:	36 d1       	rcall	.+620    	; 0x71a <twi_init>
	spi_init_master();
 4ae:	c3 d1       	rcall	.+902    	; 0x836 <spi_init_master>
    nixie_tube_supply(FALSE);
 4b0:	80 e0       	ldi	r24, 0x00	; 0
 4b2:	cd d1       	rcall	.+922    	; 0x84e <nixie_tube_supply>

	timer1_init();
 4b4:	e7 de       	rcall	.-562    	; 0x284 <timer1_init>
	
    get_time(); // Get the current time
 4b6:	ad df       	rcall	.-166    	; 0x412 <get_time>
    write_seconds(); // Initialize the oscillator (preserve time)
 4b8:	29 df       	rcall	.-430    	; 0x30c <write_seconds>
    write_hours(); // Set the hours to 12 mode (preserve time)
 4ba:	0f df       	rcall	.-482    	; 0x2da <write_hours>
    write_rtc(0x3, 1<<3); // Enable battery backup
 4bc:	83 e0       	ldi	r24, 0x03	; 3
 4be:	68 e0       	ldi	r22, 0x08	; 8
 4c0:	5f d1       	rcall	.+702    	; 0x780 <write_rtc>

    write_rtc(0x7, (1<<6) | (1<<0)); // Enable output oscilator
 4c2:	87 e0       	ldi	r24, 0x07	; 7
 4c4:	61 e4       	ldi	r22, 0x41	; 65
 4c6:	5c d1       	rcall	.+696    	; 0x780 <write_rtc>
    // write_rtc(0x7, (1<<6) | (1<<2) | (1<<0)); // Enable output oscilator
    trim_rtc(); // Set the RTC TRIM
 4c8:	f2 de       	rcall	.-540    	; 0x2ae <trim_rtc>

    // Get power down values from EEPROM
    eeprom_read_block((void*)&pwr_dwn_start_time, (const void*) &pwr_dwn_start_time_eeprom, sizeof(pwr_dwn_start_time_eeprom));
 4ca:	8a e1       	ldi	r24, 0x1A	; 26
 4cc:	91 e0       	ldi	r25, 0x01	; 1
 4ce:	60 e0       	ldi	r22, 0x00	; 0
 4d0:	70 e0       	ldi	r23, 0x00	; 0
 4d2:	4a e0       	ldi	r20, 0x0A	; 10
 4d4:	50 e0       	ldi	r21, 0x00	; 0
 4d6:	6c d2       	rcall	.+1240   	; 0x9b0 <__eerd_block_m48>
    eeprom_read_block((void*)&pwr_dwn_stop_time, (const void*) &pwr_dwn_stop_time_eeprom, sizeof(pwr_dwn_stop_time_eeprom));
 4d8:	80 e1       	ldi	r24, 0x10	; 16
 4da:	91 e0       	ldi	r25, 0x01	; 1
 4dc:	6a e0       	ldi	r22, 0x0A	; 10
 4de:	70 e0       	ldi	r23, 0x00	; 0
 4e0:	4a e0       	ldi	r20, 0x0A	; 10
 4e2:	50 e0       	ldi	r21, 0x00	; 0
 4e4:	65 d2       	rcall	.+1226   	; 0x9b0 <__eerd_block_m48>

    power_en = TRUE;
    nixie_tube_supply(power_en);
 4e6:	81 e0       	ldi	r24, 0x01	; 1
 4e8:	b2 d1       	rcall	.+868    	; 0x84e <nixie_tube_supply>
 4ea:	ff 24       	eor	r15, r15
 4ec:	11 e0       	ldi	r17, 0x01	; 1
 4ee:	ee 24       	eor	r14, r14
    milliseconds can be achieved.
 */
void
_delay_loop_2(uint16_t __count)
{
	__asm__ volatile (
 4f0:	c0 ed       	ldi	r28, 0xD0	; 208
 4f2:	d7 e0       	ldi	r29, 0x07	; 7
 4f4:	11 c0       	rjmp	.+34     	; 0x518 <main+0x92>


	while(TRUE){
        if(power_en == FALSE){
            // Turn the dispaly back on with user override of any button press
            if(chk_button_momt(0) || chk_button_momt(1) || chk_button_momt(2)){
 4f6:	80 e0       	ldi	r24, 0x00	; 0
 4f8:	cb dd       	rcall	.-1130   	; 0x90 <chk_button_momt>
 4fa:	88 23       	and	r24, r24
 4fc:	29 f4       	brne	.+10     	; 0x508 <main+0x82>
 4fe:	81 e0       	ldi	r24, 0x01	; 1
 500:	c7 dd       	rcall	.-1138   	; 0x90 <chk_button_momt>
 502:	88 23       	and	r24, r24
 504:	09 f4       	brne	.+2      	; 0x508 <main+0x82>
 506:	72 c0       	rjmp	.+228    	; 0x5ec <main+0x166>
                power_en = TRUE;
                user_override = TRUE;
                nixie_tube_supply(power_en);
 508:	81 e0       	ldi	r24, 0x01	; 1
 50a:	a1 d1       	rcall	.+834    	; 0x84e <nixie_tube_supply>
 50c:	11 e0       	ldi	r17, 0x01	; 1
 50e:	ee 24       	eor	r14, r14
 510:	e3 94       	inc	r14
 512:	ce 01       	movw	r24, r28
 514:	01 97       	sbiw	r24, 0x01	; 1
 516:	f1 f7       	brne	.-4      	; 0x514 <main+0x8e>
    power_en = TRUE;
    nixie_tube_supply(power_en);


	while(TRUE){
        if(power_en == FALSE){
 518:	11 23       	and	r17, r17
 51a:	69 f3       	breq	.-38     	; 0x4f6 <main+0x70>
                user_override = FALSE;
                nixie_tube_supply(power_en);
            }
            // */
        }
        else if(chk_button_hold(0) && chk_button_hold(1)){
 51c:	80 e0       	ldi	r24, 0x00	; 0
 51e:	e5 dd       	rcall	.-1078   	; 0xea <chk_button_hold>
 520:	88 23       	and	r24, r24
 522:	29 f0       	breq	.+10     	; 0x52e <main+0xa8>
 524:	81 e0       	ldi	r24, 0x01	; 1
 526:	e1 dd       	rcall	.-1086   	; 0xea <chk_button_hold>
 528:	88 23       	and	r24, r24
 52a:	09 f0       	breq	.+2      	; 0x52e <main+0xa8>
 52c:	7e c0       	rjmp	.+252    	; 0x62a <main+0x1a4>
            // Reset all times to zero
            init_time(&pwr_dwn_stop_time);
            init_time(&pwr_dwn_start_time);
        }
        else if(chk_button_momt(2)){
 52e:	82 e0       	ldi	r24, 0x02	; 2
 530:	af dd       	rcall	.-1186   	; 0x90 <chk_button_momt>
 532:	88 23       	and	r24, r24
 534:	39 f0       	breq	.+14     	; 0x544 <main+0xbe>
            mode = mode < 3 ? mode + 1 : 0; // 0 = time, 1 = time_set, 2=power_off_start, 3=power_off_stop
 536:	82 e0       	ldi	r24, 0x02	; 2
 538:	8f 15       	cp	r24, r15
 53a:	08 f4       	brcc	.+2      	; 0x53e <main+0xb8>
 53c:	46 c0       	rjmp	.+140    	; 0x5ca <main+0x144>
 53e:	f3 94       	inc	r15
 540:	11 e0       	ldi	r17, 0x01	; 1
 542:	e7 cf       	rjmp	.-50     	; 0x512 <main+0x8c>
            if(mode == 0){
                eeprom_write_block ((const void*)&pwr_dwn_start_time, (void*) &pwr_dwn_start_time_eeprom, sizeof(pwr_dwn_start_time_eeprom));
                eeprom_write_block ((const void*)&pwr_dwn_stop_time, (void*) &pwr_dwn_stop_time_eeprom, sizeof(pwr_dwn_stop_time_eeprom));
            }            
        }
        else if(mode == 1){
 544:	81 e0       	ldi	r24, 0x01	; 1
 546:	f8 16       	cp	r15, r24
 548:	09 f4       	brne	.+2      	; 0x54c <main+0xc6>
 54a:	7a c0       	rjmp	.+244    	; 0x640 <main+0x1ba>
            get_time_change(&clock_time, 255);
            write_minutes(); 
            write_hours();
        }
        else if(mode == 2){
 54c:	82 e0       	ldi	r24, 0x02	; 2
 54e:	f8 16       	cp	r15, r24
 550:	09 f4       	brne	.+2      	; 0x554 <main+0xce>
 552:	8b c0       	rjmp	.+278    	; 0x66a <main+0x1e4>
            get_time_change(&pwr_dwn_start_time, 511);
        }
        else if(mode == 3){
 554:	83 e0       	ldi	r24, 0x03	; 3
 556:	f8 16       	cp	r15, r24
 558:	09 f4       	brne	.+2      	; 0x55c <main+0xd6>
 55a:	96 c0       	rjmp	.+300    	; 0x688 <main+0x202>
            get_time_change(&pwr_dwn_stop_time, 1023);
        }
        else if((clock_time.pm_am_n == 0) && (clock_time.hours == 3) && (clock_time.minutes < 30)){
 55c:	80 91 2d 01 	lds	r24, 0x012D
 560:	88 23       	and	r24, r24
 562:	29 f4       	brne	.+10     	; 0x56e <main+0xe8>
 564:	80 91 2a 01 	lds	r24, 0x012A
 568:	83 30       	cpi	r24, 0x03	; 3
 56a:	09 f4       	brne	.+2      	; 0x56e <main+0xe8>
 56c:	85 c0       	rjmp	.+266    	; 0x678 <main+0x1f2>
            cathode_poisin_prevention();
        }
        else if(chk_button_hold(0)){
 56e:	80 e0       	ldi	r24, 0x00	; 0
 570:	bc dd       	rcall	.-1160   	; 0xea <chk_button_hold>
 572:	88 23       	and	r24, r24
 574:	09 f0       	breq	.+2      	; 0x578 <main+0xf2>
 576:	6d c0       	rjmp	.+218    	; 0x652 <main+0x1cc>
            set_tubes(clock_time.seconds_ones, clock_time.seconds_tens, clock_time.minutes_ones, clock_time.minutes_tens , TRUE);
        }
        else{
            if(!user_override && (clock_time.pm_am_n == pwr_dwn_start_time.pm_am_n) && (clock_time.hours == pwr_dwn_start_time.hours) && (clock_time.minutes == pwr_dwn_start_time.minutes)){
 578:	ee 20       	and	r14, r14
 57a:	09 f0       	breq	.+2      	; 0x57e <main+0xf8>
 57c:	5e c0       	rjmp	.+188    	; 0x63a <main+0x1b4>
 57e:	90 91 2d 01 	lds	r25, 0x012D
 582:	80 91 23 01 	lds	r24, 0x0123
 586:	98 17       	cp	r25, r24
 588:	09 f4       	brne	.+2      	; 0x58c <main+0x106>
 58a:	85 c0       	rjmp	.+266    	; 0x696 <main+0x210>
                    power_en = FALSE;
                    user_override = FALSE;
                    nixie_tube_supply(power_en);
                }
            }
            else if((clock_time.pm_am_n == pwr_dwn_stop_time.pm_am_n) && (clock_time.hours == pwr_dwn_stop_time.hours) && (clock_time.minutes  == pwr_dwn_stop_time.minutes)){
 58c:	80 91 19 01 	lds	r24, 0x0119
 590:	89 17       	cp	r24, r25
 592:	61 f0       	breq	.+24     	; 0x5ac <main+0x126>
 594:	11 e0       	ldi	r17, 0x01	; 1
                // Restore power at user selected time
                user_override = FALSE;
            }
            set_tubes(clock_time.minutes_ones, clock_time.minutes_tens, clock_time.hours_ones, clock_time.hours_tens , TRUE);
 596:	80 91 28 01 	lds	r24, 0x0128
 59a:	60 91 29 01 	lds	r22, 0x0129
 59e:	40 91 2b 01 	lds	r20, 0x012B
 5a2:	20 91 2c 01 	lds	r18, 0x012C
 5a6:	01 e0       	ldi	r16, 0x01	; 1
 5a8:	92 d1       	rcall	.+804    	; 0x8ce <set_tubes>
 5aa:	b3 cf       	rjmp	.-154    	; 0x512 <main+0x8c>
                    power_en = FALSE;
                    user_override = FALSE;
                    nixie_tube_supply(power_en);
                }
            }
            else if((clock_time.pm_am_n == pwr_dwn_stop_time.pm_am_n) && (clock_time.hours == pwr_dwn_stop_time.hours) && (clock_time.minutes  == pwr_dwn_stop_time.minutes)){
 5ac:	90 91 2a 01 	lds	r25, 0x012A
 5b0:	80 91 16 01 	lds	r24, 0x0116
 5b4:	98 17       	cp	r25, r24
 5b6:	71 f7       	brne	.-36     	; 0x594 <main+0x10e>
 5b8:	90 91 27 01 	lds	r25, 0x0127
 5bc:	80 91 13 01 	lds	r24, 0x0113
 5c0:	98 17       	cp	r25, r24
 5c2:	41 f7       	brne	.-48     	; 0x594 <main+0x10e>
 5c4:	11 e0       	ldi	r17, 0x01	; 1
 5c6:	ee 24       	eor	r14, r14
 5c8:	e6 cf       	rjmp	.-52     	; 0x596 <main+0x110>
        }
        else if(chk_button_momt(2)){
            mode = mode < 3 ? mode + 1 : 0; // 0 = time, 1 = time_set, 2=power_off_start, 3=power_off_stop
            // Write power down settings to memory on returning to time
            if(mode == 0){
                eeprom_write_block ((const void*)&pwr_dwn_start_time, (void*) &pwr_dwn_start_time_eeprom, sizeof(pwr_dwn_start_time_eeprom));
 5ca:	8a e1       	ldi	r24, 0x1A	; 26
 5cc:	91 e0       	ldi	r25, 0x01	; 1
 5ce:	60 e0       	ldi	r22, 0x00	; 0
 5d0:	70 e0       	ldi	r23, 0x00	; 0
 5d2:	4a e0       	ldi	r20, 0x0A	; 10
 5d4:	50 e0       	ldi	r21, 0x00	; 0
 5d6:	fb d1       	rcall	.+1014   	; 0x9ce <__eewr_block_m48>
                eeprom_write_block ((const void*)&pwr_dwn_stop_time, (void*) &pwr_dwn_stop_time_eeprom, sizeof(pwr_dwn_stop_time_eeprom));
 5d8:	80 e1       	ldi	r24, 0x10	; 16
 5da:	91 e0       	ldi	r25, 0x01	; 1
 5dc:	6a e0       	ldi	r22, 0x0A	; 10
 5de:	70 e0       	ldi	r23, 0x00	; 0
 5e0:	4a e0       	ldi	r20, 0x0A	; 10
 5e2:	50 e0       	ldi	r21, 0x00	; 0
 5e4:	f4 d1       	rcall	.+1000   	; 0x9ce <__eewr_block_m48>
 5e6:	ff 24       	eor	r15, r15
 5e8:	11 e0       	ldi	r17, 0x01	; 1
 5ea:	93 cf       	rjmp	.-218    	; 0x512 <main+0x8c>


	while(TRUE){
        if(power_en == FALSE){
            // Turn the dispaly back on with user override of any button press
            if(chk_button_momt(0) || chk_button_momt(1) || chk_button_momt(2)){
 5ec:	82 e0       	ldi	r24, 0x02	; 2
 5ee:	50 dd       	rcall	.-1376   	; 0x90 <chk_button_momt>
 5f0:	88 23       	and	r24, r24
 5f2:	09 f0       	breq	.+2      	; 0x5f6 <main+0x170>
 5f4:	89 cf       	rjmp	.-238    	; 0x508 <main+0x82>
                power_en = TRUE;
                user_override = TRUE;
                nixie_tube_supply(power_en);
            }
            // /*
            else if((clock_time.pm_am_n == pwr_dwn_stop_time.pm_am_n) && (clock_time.hours == pwr_dwn_stop_time.hours) && (clock_time.minutes  == pwr_dwn_stop_time.minutes)){
 5f6:	90 91 2d 01 	lds	r25, 0x012D
 5fa:	80 91 19 01 	lds	r24, 0x0119
 5fe:	98 17       	cp	r25, r24
 600:	09 f0       	breq	.+2      	; 0x604 <main+0x17e>
 602:	87 cf       	rjmp	.-242    	; 0x512 <main+0x8c>
 604:	90 91 2a 01 	lds	r25, 0x012A
 608:	80 91 16 01 	lds	r24, 0x0116
 60c:	98 17       	cp	r25, r24
 60e:	09 f0       	breq	.+2      	; 0x612 <main+0x18c>
 610:	80 cf       	rjmp	.-256    	; 0x512 <main+0x8c>
 612:	90 91 27 01 	lds	r25, 0x0127
 616:	80 91 13 01 	lds	r24, 0x0113
 61a:	98 17       	cp	r25, r24
 61c:	09 f0       	breq	.+2      	; 0x620 <main+0x19a>
 61e:	79 cf       	rjmp	.-270    	; 0x512 <main+0x8c>
                // Restore power at user selected time
                power_en = TRUE;
                user_override = FALSE;
                nixie_tube_supply(power_en);
 620:	81 e0       	ldi	r24, 0x01	; 1
 622:	15 d1       	rcall	.+554    	; 0x84e <nixie_tube_supply>
 624:	11 e0       	ldi	r17, 0x01	; 1
 626:	ee 24       	eor	r14, r14
 628:	74 cf       	rjmp	.-280    	; 0x512 <main+0x8c>
            }
            // */
        }
        else if(chk_button_hold(0) && chk_button_hold(1)){
            // Reset all times to zero
            init_time(&pwr_dwn_stop_time);
 62a:	80 e1       	ldi	r24, 0x10	; 16
 62c:	91 e0       	ldi	r25, 0x01	; 1
 62e:	8a dd       	rcall	.-1260   	; 0x144 <init_time>
            init_time(&pwr_dwn_start_time);
 630:	8a e1       	ldi	r24, 0x1A	; 26
 632:	91 e0       	ldi	r25, 0x01	; 1
 634:	87 dd       	rcall	.-1266   	; 0x144 <init_time>
 636:	11 e0       	ldi	r17, 0x01	; 1
 638:	6c cf       	rjmp	.-296    	; 0x512 <main+0x8c>
            if(!user_override && (clock_time.pm_am_n == pwr_dwn_start_time.pm_am_n) && (clock_time.hours == pwr_dwn_start_time.hours) && (clock_time.minutes == pwr_dwn_start_time.minutes)){
                // Turn off display at user indicated time (assuming there is a delta in time)
                if((pwr_dwn_stop_time.pm_am_n != pwr_dwn_start_time.pm_am_n) || (pwr_dwn_stop_time.hours != pwr_dwn_start_time.hours) || (pwr_dwn_stop_time.minutes  != pwr_dwn_start_time.minutes)){
                    power_en = FALSE;
                    user_override = FALSE;
                    nixie_tube_supply(power_en);
 63a:	90 91 2d 01 	lds	r25, 0x012D
 63e:	a6 cf       	rjmp	.-180    	; 0x58c <main+0x106>
                eeprom_write_block ((const void*)&pwr_dwn_start_time, (void*) &pwr_dwn_start_time_eeprom, sizeof(pwr_dwn_start_time_eeprom));
                eeprom_write_block ((const void*)&pwr_dwn_stop_time, (void*) &pwr_dwn_stop_time_eeprom, sizeof(pwr_dwn_stop_time_eeprom));
            }            
        }
        else if(mode == 1){
            get_time_change(&clock_time, 255);
 640:	84 e2       	ldi	r24, 0x24	; 36
 642:	91 e0       	ldi	r25, 0x01	; 1
 644:	6f ef       	ldi	r22, 0xFF	; 255
 646:	70 e0       	ldi	r23, 0x00	; 0
 648:	68 de       	rcall	.-816    	; 0x31a <get_time_change>
            write_minutes(); 
 64a:	35 de       	rcall	.-918    	; 0x2b6 <write_minutes>
            write_hours();
 64c:	46 de       	rcall	.-884    	; 0x2da <write_hours>
 64e:	11 e0       	ldi	r17, 0x01	; 1
 650:	60 cf       	rjmp	.-320    	; 0x512 <main+0x8c>
        }
        else if((clock_time.pm_am_n == 0) && (clock_time.hours == 3) && (clock_time.minutes < 30)){
            cathode_poisin_prevention();
        }
        else if(chk_button_hold(0)){
            set_tubes(clock_time.seconds_ones, clock_time.seconds_tens, clock_time.minutes_ones, clock_time.minutes_tens , TRUE);
 652:	80 91 25 01 	lds	r24, 0x0125
 656:	60 91 26 01 	lds	r22, 0x0126
 65a:	40 91 28 01 	lds	r20, 0x0128
 65e:	20 91 29 01 	lds	r18, 0x0129
 662:	01 e0       	ldi	r16, 0x01	; 1
 664:	34 d1       	rcall	.+616    	; 0x8ce <set_tubes>
 666:	11 e0       	ldi	r17, 0x01	; 1
 668:	54 cf       	rjmp	.-344    	; 0x512 <main+0x8c>
            get_time_change(&clock_time, 255);
            write_minutes(); 
            write_hours();
        }
        else if(mode == 2){
            get_time_change(&pwr_dwn_start_time, 511);
 66a:	8a e1       	ldi	r24, 0x1A	; 26
 66c:	91 e0       	ldi	r25, 0x01	; 1
 66e:	6f ef       	ldi	r22, 0xFF	; 255
 670:	71 e0       	ldi	r23, 0x01	; 1
 672:	53 de       	rcall	.-858    	; 0x31a <get_time_change>
 674:	11 e0       	ldi	r17, 0x01	; 1
 676:	4d cf       	rjmp	.-358    	; 0x512 <main+0x8c>
        }
        else if(mode == 3){
            get_time_change(&pwr_dwn_stop_time, 1023);
        }
        else if((clock_time.pm_am_n == 0) && (clock_time.hours == 3) && (clock_time.minutes < 30)){
 678:	80 91 27 01 	lds	r24, 0x0127
 67c:	8e 31       	cpi	r24, 0x1E	; 30
 67e:	08 f0       	brcs	.+2      	; 0x682 <main+0x1fc>
 680:	76 cf       	rjmp	.-276    	; 0x56e <main+0xe8>
            cathode_poisin_prevention();
 682:	9d de       	rcall	.-710    	; 0x3be <cathode_poisin_prevention>
 684:	11 e0       	ldi	r17, 0x01	; 1
 686:	45 cf       	rjmp	.-374    	; 0x512 <main+0x8c>
        }
        else if(mode == 2){
            get_time_change(&pwr_dwn_start_time, 511);
        }
        else if(mode == 3){
            get_time_change(&pwr_dwn_stop_time, 1023);
 688:	80 e1       	ldi	r24, 0x10	; 16
 68a:	91 e0       	ldi	r25, 0x01	; 1
 68c:	6f ef       	ldi	r22, 0xFF	; 255
 68e:	73 e0       	ldi	r23, 0x03	; 3
 690:	44 de       	rcall	.-888    	; 0x31a <get_time_change>
 692:	11 e0       	ldi	r17, 0x01	; 1
 694:	3e cf       	rjmp	.-388    	; 0x512 <main+0x8c>
        }
        else if(chk_button_hold(0)){
            set_tubes(clock_time.seconds_ones, clock_time.seconds_tens, clock_time.minutes_ones, clock_time.minutes_tens , TRUE);
        }
        else{
            if(!user_override && (clock_time.pm_am_n == pwr_dwn_start_time.pm_am_n) && (clock_time.hours == pwr_dwn_start_time.hours) && (clock_time.minutes == pwr_dwn_start_time.minutes)){
 696:	20 91 2a 01 	lds	r18, 0x012A
 69a:	80 91 20 01 	lds	r24, 0x0120
 69e:	28 17       	cp	r18, r24
 6a0:	09 f0       	breq	.+2      	; 0x6a4 <main+0x21e>
 6a2:	74 cf       	rjmp	.-280    	; 0x58c <main+0x106>
 6a4:	30 91 27 01 	lds	r19, 0x0127
 6a8:	80 91 1d 01 	lds	r24, 0x011D
 6ac:	38 17       	cp	r19, r24
 6ae:	09 f0       	breq	.+2      	; 0x6b2 <main+0x22c>
 6b0:	6d cf       	rjmp	.-294    	; 0x58c <main+0x106>
                // Turn off display at user indicated time (assuming there is a delta in time)
                if((pwr_dwn_stop_time.pm_am_n != pwr_dwn_start_time.pm_am_n) || (pwr_dwn_stop_time.hours != pwr_dwn_start_time.hours) || (pwr_dwn_stop_time.minutes  != pwr_dwn_start_time.minutes)){
 6b2:	80 91 19 01 	lds	r24, 0x0119
 6b6:	98 17       	cp	r25, r24
 6b8:	21 f4       	brne	.+8      	; 0x6c2 <main+0x23c>
 6ba:	80 91 16 01 	lds	r24, 0x0116
 6be:	28 17       	cp	r18, r24
 6c0:	21 f0       	breq	.+8      	; 0x6ca <main+0x244>
                    power_en = FALSE;
                    user_override = FALSE;
                    nixie_tube_supply(power_en);
 6c2:	80 e0       	ldi	r24, 0x00	; 0
 6c4:	c4 d0       	rcall	.+392    	; 0x84e <nixie_tube_supply>
 6c6:	10 e0       	ldi	r17, 0x00	; 0
 6c8:	66 cf       	rjmp	.-308    	; 0x596 <main+0x110>
            set_tubes(clock_time.seconds_ones, clock_time.seconds_tens, clock_time.minutes_ones, clock_time.minutes_tens , TRUE);
        }
        else{
            if(!user_override && (clock_time.pm_am_n == pwr_dwn_start_time.pm_am_n) && (clock_time.hours == pwr_dwn_start_time.hours) && (clock_time.minutes == pwr_dwn_start_time.minutes)){
                // Turn off display at user indicated time (assuming there is a delta in time)
                if((pwr_dwn_stop_time.pm_am_n != pwr_dwn_start_time.pm_am_n) || (pwr_dwn_stop_time.hours != pwr_dwn_start_time.hours) || (pwr_dwn_stop_time.minutes  != pwr_dwn_start_time.minutes)){
 6ca:	80 91 13 01 	lds	r24, 0x0113
 6ce:	38 17       	cp	r19, r24
 6d0:	c1 f7       	brne	.-16     	; 0x6c2 <main+0x23c>
 6d2:	60 cf       	rjmp	.-320    	; 0x594 <main+0x10e>

000006d4 <__vector_11>:
//*******************************************************

//*******************************************************
//			Timer 2 Interrupt
// 
ISR(TIMER1_COMPA_vect){
 6d4:	1f 92       	push	r1
 6d6:	0f 92       	push	r0
 6d8:	0f b6       	in	r0, 0x3f	; 63
 6da:	0f 92       	push	r0
 6dc:	11 24       	eor	r1, r1
 6de:	2f 93       	push	r18
 6e0:	3f 93       	push	r19
 6e2:	4f 93       	push	r20
 6e4:	5f 93       	push	r21
 6e6:	6f 93       	push	r22
 6e8:	7f 93       	push	r23
 6ea:	8f 93       	push	r24
 6ec:	9f 93       	push	r25
 6ee:	af 93       	push	r26
 6f0:	bf 93       	push	r27
 6f2:	ef 93       	push	r30
 6f4:	ff 93       	push	r31
    get_time();
 6f6:	8d de       	rcall	.-742    	; 0x412 <get_time>
}
 6f8:	ff 91       	pop	r31
 6fa:	ef 91       	pop	r30
 6fc:	bf 91       	pop	r27
 6fe:	af 91       	pop	r26
 700:	9f 91       	pop	r25
 702:	8f 91       	pop	r24
 704:	7f 91       	pop	r23
 706:	6f 91       	pop	r22
 708:	5f 91       	pop	r21
 70a:	4f 91       	pop	r20
 70c:	3f 91       	pop	r19
 70e:	2f 91       	pop	r18
 710:	0f 90       	pop	r0
 712:	0f be       	out	0x3f, r0	; 63
 714:	0f 90       	pop	r0
 716:	1f 90       	pop	r1
 718:	18 95       	reti

0000071a <twi_init>:
#define WRITE_RTC 0b11011110

void twi_init(void)
{
    //set SCL to 200kHz
    TWSR = 0x00;
 71a:	10 92 b9 00 	sts	0x00B9, r1
    TWBR = 0x0C;
 71e:	8c e0       	ldi	r24, 0x0C	; 12
 720:	80 93 b8 00 	sts	0x00B8, r24
    //enable TWI
    TWCR = (1<<TWEN);
 724:	84 e0       	ldi	r24, 0x04	; 4
 726:	80 93 bc 00 	sts	0x00BC, r24
}
 72a:	08 95       	ret

0000072c <twi_start>:

// send a start signal
void twi_start(void)
{
    TWCR = (1<<TWINT)|(1<<TWSTA)|(1<<TWEN);
 72c:	84 ea       	ldi	r24, 0xA4	; 164
 72e:	80 93 bc 00 	sts	0x00BC, r24
    while ((TWCR & (1<<TWINT)) == 0);
 732:	80 91 bc 00 	lds	r24, 0x00BC
 736:	87 ff       	sbrs	r24, 7
 738:	fc cf       	rjmp	.-8      	; 0x732 <twi_start+0x6>
}
 73a:	08 95       	ret

0000073c <twi_stop>:

//send stop signal
void twi_stop(void)
{
    TWCR = (1<<TWINT)|(1<<TWSTO)|(1<<TWEN);
 73c:	84 e9       	ldi	r24, 0x94	; 148
 73e:	80 93 bc 00 	sts	0x00BC, r24
}
 742:	08 95       	ret

00000744 <twi_write>:

// write to the RTC
void twi_write(uint8_t u8data)
{
    TWDR = u8data;
 744:	80 93 bb 00 	sts	0x00BB, r24
    TWCR = (1<<TWINT)|(1<<TWEN);
 748:	84 e8       	ldi	r24, 0x84	; 132
 74a:	80 93 bc 00 	sts	0x00BC, r24
    while ((TWCR & (1<<TWINT)) == 0);
 74e:	80 91 bc 00 	lds	r24, 0x00BC
 752:	87 ff       	sbrs	r24, 7
 754:	fc cf       	rjmp	.-8      	; 0x74e <twi_write+0xa>
}
 756:	08 95       	ret

00000758 <twi_read_ack>:

//read byte with ACK
uint8_t twi_read_ack(void)
{
    TWCR = (1<<TWINT)|(1<<TWEN)|(1<<TWEA);
 758:	84 ec       	ldi	r24, 0xC4	; 196
 75a:	80 93 bc 00 	sts	0x00BC, r24
    while ((TWCR & (1<<TWINT)) == 0);
 75e:	80 91 bc 00 	lds	r24, 0x00BC
 762:	87 ff       	sbrs	r24, 7
 764:	fc cf       	rjmp	.-8      	; 0x75e <twi_read_ack+0x6>
    return TWDR;
 766:	80 91 bb 00 	lds	r24, 0x00BB
}
 76a:	08 95       	ret

0000076c <twi_read_nack>:

//read byte with NACK
uint8_t twi_read_nack(void)
{
    TWCR = (1<<TWINT)|(1<<TWEN);
 76c:	84 e8       	ldi	r24, 0x84	; 132
 76e:	80 93 bc 00 	sts	0x00BC, r24
    while ((TWCR & (1<<TWINT)) == 0);
 772:	80 91 bc 00 	lds	r24, 0x00BC
 776:	87 ff       	sbrs	r24, 7
 778:	fc cf       	rjmp	.-8      	; 0x772 <twi_read_nack+0x6>
    return TWDR;
 77a:	80 91 bb 00 	lds	r24, 0x00BB
}
 77e:	08 95       	ret

00000780 <write_rtc>:


/********************write_rtc*************************/
// Write a value to the RTC
//
void write_rtc(uint8_t addr, uint8_t data){
 780:	98 2f       	mov	r25, r24
}

// send a start signal
void twi_start(void)
{
    TWCR = (1<<TWINT)|(1<<TWSTA)|(1<<TWEN);
 782:	84 ea       	ldi	r24, 0xA4	; 164
 784:	80 93 bc 00 	sts	0x00BC, r24
    while ((TWCR & (1<<TWINT)) == 0);
 788:	80 91 bc 00 	lds	r24, 0x00BC
 78c:	87 ff       	sbrs	r24, 7
 78e:	fc cf       	rjmp	.-8      	; 0x788 <write_rtc+0x8>
}

// write to the RTC
void twi_write(uint8_t u8data)
{
    TWDR = u8data;
 790:	8e ed       	ldi	r24, 0xDE	; 222
 792:	80 93 bb 00 	sts	0x00BB, r24
    TWCR = (1<<TWINT)|(1<<TWEN);
 796:	84 e8       	ldi	r24, 0x84	; 132
 798:	80 93 bc 00 	sts	0x00BC, r24
    while ((TWCR & (1<<TWINT)) == 0);
 79c:	80 91 bc 00 	lds	r24, 0x00BC
 7a0:	87 ff       	sbrs	r24, 7
 7a2:	fc cf       	rjmp	.-8      	; 0x79c <write_rtc+0x1c>
}

// write to the RTC
void twi_write(uint8_t u8data)
{
    TWDR = u8data;
 7a4:	90 93 bb 00 	sts	0x00BB, r25
    TWCR = (1<<TWINT)|(1<<TWEN);
 7a8:	84 e8       	ldi	r24, 0x84	; 132
 7aa:	80 93 bc 00 	sts	0x00BC, r24
    while ((TWCR & (1<<TWINT)) == 0);
 7ae:	80 91 bc 00 	lds	r24, 0x00BC
 7b2:	87 ff       	sbrs	r24, 7
 7b4:	fc cf       	rjmp	.-8      	; 0x7ae <write_rtc+0x2e>
}

// write to the RTC
void twi_write(uint8_t u8data)
{
    TWDR = u8data;
 7b6:	60 93 bb 00 	sts	0x00BB, r22
    TWCR = (1<<TWINT)|(1<<TWEN);
 7ba:	84 e8       	ldi	r24, 0x84	; 132
 7bc:	80 93 bc 00 	sts	0x00BC, r24
    while ((TWCR & (1<<TWINT)) == 0);
 7c0:	80 91 bc 00 	lds	r24, 0x00BC
 7c4:	87 ff       	sbrs	r24, 7
 7c6:	fc cf       	rjmp	.-8      	; 0x7c0 <write_rtc+0x40>
	twi_start();
	twi_write(WRITE_RTC); // Send command to read from address
	twi_write(addr); // Send address of part number
	twi_write(data); // Send command to read data

}
 7c8:	08 95       	ret

000007ca <read_rtc>:
/**************************************************************/

/********************read_rtc*************************/
// Read from the RTC SRAM
//
uint8_t read_rtc(uint8_t addr){
 7ca:	98 2f       	mov	r25, r24
}

// send a start signal
void twi_start(void)
{
    TWCR = (1<<TWINT)|(1<<TWSTA)|(1<<TWEN);
 7cc:	84 ea       	ldi	r24, 0xA4	; 164
 7ce:	80 93 bc 00 	sts	0x00BC, r24
    while ((TWCR & (1<<TWINT)) == 0);
 7d2:	80 91 bc 00 	lds	r24, 0x00BC
 7d6:	87 ff       	sbrs	r24, 7
 7d8:	fc cf       	rjmp	.-8      	; 0x7d2 <read_rtc+0x8>
}

// write to the RTC
void twi_write(uint8_t u8data)
{
    TWDR = u8data;
 7da:	8e ed       	ldi	r24, 0xDE	; 222
 7dc:	80 93 bb 00 	sts	0x00BB, r24
    TWCR = (1<<TWINT)|(1<<TWEN);
 7e0:	84 e8       	ldi	r24, 0x84	; 132
 7e2:	80 93 bc 00 	sts	0x00BC, r24
    while ((TWCR & (1<<TWINT)) == 0);
 7e6:	80 91 bc 00 	lds	r24, 0x00BC
 7ea:	87 ff       	sbrs	r24, 7
 7ec:	fc cf       	rjmp	.-8      	; 0x7e6 <read_rtc+0x1c>
}

// write to the RTC
void twi_write(uint8_t u8data)
{
    TWDR = u8data;
 7ee:	90 93 bb 00 	sts	0x00BB, r25
    TWCR = (1<<TWINT)|(1<<TWEN);
 7f2:	84 e8       	ldi	r24, 0x84	; 132
 7f4:	80 93 bc 00 	sts	0x00BC, r24
    while ((TWCR & (1<<TWINT)) == 0);
 7f8:	80 91 bc 00 	lds	r24, 0x00BC
 7fc:	87 ff       	sbrs	r24, 7
 7fe:	fc cf       	rjmp	.-8      	; 0x7f8 <read_rtc+0x2e>
}

// send a start signal
void twi_start(void)
{
    TWCR = (1<<TWINT)|(1<<TWSTA)|(1<<TWEN);
 800:	84 ea       	ldi	r24, 0xA4	; 164
 802:	80 93 bc 00 	sts	0x00BC, r24
    while ((TWCR & (1<<TWINT)) == 0);
 806:	80 91 bc 00 	lds	r24, 0x00BC
 80a:	87 ff       	sbrs	r24, 7
 80c:	fc cf       	rjmp	.-8      	; 0x806 <read_rtc+0x3c>
}

// write to the RTC
void twi_write(uint8_t u8data)
{
    TWDR = u8data;
 80e:	8f ed       	ldi	r24, 0xDF	; 223
 810:	80 93 bb 00 	sts	0x00BB, r24
    TWCR = (1<<TWINT)|(1<<TWEN);
 814:	84 e8       	ldi	r24, 0x84	; 132
 816:	80 93 bc 00 	sts	0x00BC, r24
    while ((TWCR & (1<<TWINT)) == 0);
 81a:	80 91 bc 00 	lds	r24, 0x00BC
 81e:	87 ff       	sbrs	r24, 7
 820:	fc cf       	rjmp	.-8      	; 0x81a <read_rtc+0x50>
}

//read byte with NACK
uint8_t twi_read_nack(void)
{
    TWCR = (1<<TWINT)|(1<<TWEN);
 822:	84 e8       	ldi	r24, 0x84	; 132
 824:	80 93 bc 00 	sts	0x00BC, r24
    while ((TWCR & (1<<TWINT)) == 0);
 828:	80 91 bc 00 	lds	r24, 0x00BC
 82c:	87 ff       	sbrs	r24, 7
 82e:	fc cf       	rjmp	.-8      	; 0x828 <read_rtc+0x5e>
    return TWDR;
 830:	80 91 bb 00 	lds	r24, 0x00BB
	twi_write(addr); // Send address of part number
	twi_start();
	twi_write(READ_RTC); // Send command to read data
	return twi_read_nack();

}
 834:	08 95       	ret

00000836 <spi_init_master>:

// Initialize SPI Master Device (without interrupt)
void spi_init_master (void)
{
    // Set MOSI, SCK, SCLR_N, OE_N, and RCLK as Output
    DDRB |= (1<<SER)|(1<<SRCLK)|(1<<SCLR_N)|(1<<OE_N)|(1<<RCLK);
 836:	84 b1       	in	r24, 0x04	; 4
 838:	8f 62       	ori	r24, 0x2F	; 47
 83a:	84 b9       	out	0x04, r24	; 4

    // Enable COL_SEL pin
    DDRB |= (1<<COL_SEL);
 83c:	27 9a       	sbi	0x04, 7	; 4

    // Enable SHTDN function
    DDRC |= (1<<EN_180V);
 83e:	3b 9a       	sbi	0x07, 3	; 7
    PORTC |= (1<<EN_180V);
 840:	43 9a       	sbi	0x08, 3	; 8
 
    // Enable SPI, Set as Master
    //Prescaler: Fosc/16, disable Interrupts
    SPCR = (1<<SPE)|(1<<MSTR)|(1<<SPR0);
 842:	81 e5       	ldi	r24, 0x51	; 81
 844:	8c bd       	out	0x2c, r24	; 44

    PORTB |= (1<<SCLR_N); // Disable CLR
 846:	28 9a       	sbi	0x05, 0	; 5
    PORTB |= (1<<OE_N);   // Disable output initially
 848:	29 9a       	sbi	0x05, 1	; 5

    // Disable power supply by default
    PORTC &= ~(1<<EN_180V);
 84a:	43 98       	cbi	0x08, 3	; 8
}
 84c:	08 95       	ret

0000084e <nixie_tube_supply>:

void nixie_tube_supply (uint8_t status){
    // Set power supply based on intput
    if(status == TRUE){
 84e:	81 30       	cpi	r24, 0x01	; 1
 850:	11 f0       	breq	.+4      	; 0x856 <nixie_tube_supply+0x8>
        PORTC |= (1<<EN_180V);
    }
    else{
        PORTC &= ~(1<<EN_180V);
 852:	43 98       	cbi	0x08, 3	; 8
 854:	08 95       	ret
}

void nixie_tube_supply (uint8_t status){
    // Set power supply based on intput
    if(status == TRUE){
        PORTC |= (1<<EN_180V);
 856:	43 9a       	sbi	0x08, 3	; 8
 858:	08 95       	ret

0000085a <dec_to_bin_normal>:
// 4'b1010-4'b1111 = RESERVED! DO NOT USE!
// This function is overkill, but helps keep only legal values assinged
uint8_t dec_to_bin_normal (uint8_t decimal){
    uint8_t ret_bin = 0;

    switch(decimal){
 85a:	90 e0       	ldi	r25, 0x00	; 0
 85c:	fc 01       	movw	r30, r24
 85e:	31 97       	sbiw	r30, 0x01	; 1
 860:	e9 30       	cpi	r30, 0x09	; 9
 862:	f1 05       	cpc	r31, r1
 864:	10 f0       	brcs	.+4      	; 0x86a <dec_to_bin_normal+0x10>
 866:	80 e0       	ldi	r24, 0x00	; 0
 868:	08 95       	ret
 86a:	e6 5e       	subi	r30, 0xE6	; 230
 86c:	ff 4f       	sbci	r31, 0xFF	; 255
 86e:	09 94       	ijmp
        case 6 : 
            ret_bin = 0b0110;
            break;
        case 7 : 
            ret_bin = 0b0111;
            break;
 870:	88 e0       	ldi	r24, 0x08	; 8
 872:	08 95       	ret
        case 8 : 
            ret_bin = 0b1000;
            break;
 874:	89 e0       	ldi	r24, 0x09	; 9
        default:
            ret_bin = 0b0000;
    }

    return ret_bin;
}
 876:	08 95       	ret
// 4'b1010-4'b1111 = RESERVED! DO NOT USE!
// This function is overkill, but helps keep only legal values assinged
uint8_t dec_to_bin_normal (uint8_t decimal){
    uint8_t ret_bin = 0;

    switch(decimal){
 878:	81 e0       	ldi	r24, 0x01	; 1
 87a:	08 95       	ret
 87c:	82 e0       	ldi	r24, 0x02	; 2
 87e:	08 95       	ret
        case 1 : 
            ret_bin = 0b0001;
            break;
        case 2 : 
            ret_bin = 0b0010;
            break;
 880:	83 e0       	ldi	r24, 0x03	; 3
 882:	08 95       	ret
        case 3 : 
            ret_bin = 0b0011;
            break;
 884:	84 e0       	ldi	r24, 0x04	; 4
 886:	08 95       	ret
        case 4 : 
            ret_bin = 0b0100;
            break;
 888:	85 e0       	ldi	r24, 0x05	; 5
 88a:	08 95       	ret
        case 5 : 
            ret_bin = 0b0101;
            break;
 88c:	86 e0       	ldi	r24, 0x06	; 6
 88e:	08 95       	ret
        case 6 : 
            ret_bin = 0b0110;
            break;
 890:	87 e0       	ldi	r24, 0x07	; 7
 892:	08 95       	ret

00000894 <dec_to_bin_fucked>:
// 4'b1010-4'b1111 = RESERVED! DO NOT USE!
// Nixie tube 4 has a pin swap (DOH!) -- unfuck that here
uint8_t dec_to_bin_fucked (uint8_t decimal){
    uint8_t ret_bin = 0;

    switch(decimal){
 894:	90 e0       	ldi	r25, 0x00	; 0
 896:	fc 01       	movw	r30, r24
 898:	31 97       	sbiw	r30, 0x01	; 1
 89a:	e9 30       	cpi	r30, 0x09	; 9
 89c:	f1 05       	cpc	r31, r1
 89e:	10 f0       	brcs	.+4      	; 0x8a4 <dec_to_bin_fucked+0x10>
 8a0:	80 e0       	ldi	r24, 0x00	; 0
 8a2:	08 95       	ret
 8a4:	ed 5d       	subi	r30, 0xDD	; 221
 8a6:	ff 4f       	sbci	r31, 0xFF	; 255
 8a8:	09 94       	ijmp
        case 6 : 
            ret_bin = 0b0110;
            break;
        case 7 : 
            ret_bin = 0b0111;
            break;
 8aa:	88 e0       	ldi	r24, 0x08	; 8
 8ac:	08 95       	ret
        case 8 : 
            ret_bin = 0b1000;
            break;
 8ae:	89 e0       	ldi	r24, 0x09	; 9
        default:
            ret_bin = 0b0000;
    }

    return ret_bin;
}
 8b0:	08 95       	ret
// 4'b1010-4'b1111 = RESERVED! DO NOT USE!
// Nixie tube 4 has a pin swap (DOH!) -- unfuck that here
uint8_t dec_to_bin_fucked (uint8_t decimal){
    uint8_t ret_bin = 0;

    switch(decimal){
 8b2:	81 e0       	ldi	r24, 0x01	; 1
 8b4:	08 95       	ret
 8b6:	82 e0       	ldi	r24, 0x02	; 2
 8b8:	08 95       	ret
        case 1 : 
            ret_bin = 0b0001;
            break;
        case 2 : 
            ret_bin = 0b0010;
            break;
 8ba:	83 e0       	ldi	r24, 0x03	; 3
 8bc:	08 95       	ret
        case 3 : 
            ret_bin = 0b0011;
            break;
 8be:	85 e0       	ldi	r24, 0x05	; 5
 8c0:	08 95       	ret
        case 4 : 
            ret_bin = 0b0101;
            break;
 8c2:	84 e0       	ldi	r24, 0x04	; 4
 8c4:	08 95       	ret
        case 5 : 
            ret_bin = 0b0100;
            break;
 8c6:	86 e0       	ldi	r24, 0x06	; 6
 8c8:	08 95       	ret
        case 6 : 
            ret_bin = 0b0110;
            break;
 8ca:	87 e0       	ldi	r24, 0x07	; 7
 8cc:	08 95       	ret

000008ce <set_tubes>:
/********************set_nixie*************************/
// Set the different annondes/cathodes
//
//Function to send and receive data for both master and slave
void set_tubes (uint8_t nix0, uint8_t nix1, uint8_t nix2, uint8_t nix3, uint8_t colon_en)
{
 8ce:	df 92       	push	r13
 8d0:	ef 92       	push	r14
 8d2:	ff 92       	push	r15
 8d4:	0f 93       	push	r16
 8d6:	1f 93       	push	r17
 8d8:	16 2f       	mov	r17, r22
 8da:	f4 2e       	mov	r15, r20
 8dc:	e2 2e       	mov	r14, r18
 8de:	d0 2e       	mov	r13, r16
    uint8_t upper = 0;
    uint8_t lower = 0;

    uint8_t n0_digit = dec_to_bin_normal(nix0);
 8e0:	bc df       	rcall	.-136    	; 0x85a <dec_to_bin_normal>
 8e2:	08 2f       	mov	r16, r24
    uint8_t n1_digit = dec_to_bin_normal(nix1);
 8e4:	81 2f       	mov	r24, r17
 8e6:	b9 df       	rcall	.-142    	; 0x85a <dec_to_bin_normal>
    uint8_t n2_digit = dec_to_bin_normal(nix2);
    uint8_t n3_digit = dec_to_bin_fucked(nix3);

    PORTB &= ~(1<<RCLK); // make sure parallel clock is low
 8e8:	2a 98       	cbi	0x05, 2	; 5
    PORTB |= (1<<OE_N);  // Disable output initially
 8ea:	29 9a       	sbi	0x05, 1	; 5

    upper =  (n1_digit<<4) | n0_digit;
 8ec:	82 95       	swap	r24
 8ee:	80 7f       	andi	r24, 0xF0	; 240
 8f0:	80 2b       	or	r24, r16
//
//Function to send and receive data for both master and slave
void write_shift_reg (uint8_t data)
{
    // Load data into the buffer
    SPDR = data;
 8f2:	8e bd       	out	0x2e, r24	; 46
 
    //Wait until transmission complete
    while(!(SPSR & (1<<SPIF) ));
 8f4:	0d b4       	in	r0, 0x2d	; 45
 8f6:	07 fe       	sbrs	r0, 7
 8f8:	fd cf       	rjmp	.-6      	; 0x8f4 <set_tubes+0x26>
    uint8_t upper = 0;
    uint8_t lower = 0;

    uint8_t n0_digit = dec_to_bin_normal(nix0);
    uint8_t n1_digit = dec_to_bin_normal(nix1);
    uint8_t n2_digit = dec_to_bin_normal(nix2);
 8fa:	8f 2d       	mov	r24, r15
 8fc:	ae df       	rcall	.-164    	; 0x85a <dec_to_bin_normal>
 8fe:	18 2f       	mov	r17, r24
    uint8_t n3_digit = dec_to_bin_fucked(nix3);
 900:	8e 2d       	mov	r24, r14
 902:	c8 df       	rcall	.-112    	; 0x894 <dec_to_bin_fucked>

    PORTB &= ~(1<<RCLK); // make sure parallel clock is low
    PORTB |= (1<<OE_N);  // Disable output initially

    upper =  (n1_digit<<4) | n0_digit;
    lower =  (n3_digit<<4) | n2_digit;
 904:	82 95       	swap	r24
 906:	80 7f       	andi	r24, 0xF0	; 240
 908:	81 2b       	or	r24, r17
//
//Function to send and receive data for both master and slave
void write_shift_reg (uint8_t data)
{
    // Load data into the buffer
    SPDR = data;
 90a:	8e bd       	out	0x2e, r24	; 46
 
    //Wait until transmission complete
    while(!(SPSR & (1<<SPIF) ));
 90c:	0d b4       	in	r0, 0x2d	; 45
 90e:	07 fe       	sbrs	r0, 7
 910:	fd cf       	rjmp	.-6      	; 0x90c <set_tubes+0x3e>
    lower =  (n3_digit<<4) | n2_digit;

    write_shift_reg(upper);
    write_shift_reg(lower);

    PORTB |= (1<<RCLK); // create rising edge on parallel clock
 912:	2a 9a       	sbi	0x05, 2	; 5
    can be achieved.
*/
void
_delay_loop_1(uint8_t __count)
{
	__asm__ volatile (
 914:	8a e1       	ldi	r24, 0x1A	; 26
 916:	8a 95       	dec	r24
 918:	f1 f7       	brne	.-4      	; 0x916 <set_tubes+0x48>
    _delay_us(10);
    PORTB &= ~(1<<RCLK); // toggle parallel clock low
 91a:	2a 98       	cbi	0x05, 2	; 5

    PORTB &= ~(1<<OE_N); // enable output
 91c:	29 98       	cbi	0x05, 1	; 5

    // Set Colon based on input
    if(colon_en == TRUE){
 91e:	81 e0       	ldi	r24, 0x01	; 1
 920:	d8 16       	cp	r13, r24
 922:	39 f0       	breq	.+14     	; 0x932 <set_tubes+0x64>
        PORTB |= (1<<COL_SEL);
    }
    else{
        PORTB &= ~(1<<COL_SEL);
 924:	2f 98       	cbi	0x05, 7	; 5
    }
}
 926:	1f 91       	pop	r17
 928:	0f 91       	pop	r16
 92a:	ff 90       	pop	r15
 92c:	ef 90       	pop	r14
 92e:	df 90       	pop	r13
 930:	08 95       	ret

    PORTB &= ~(1<<OE_N); // enable output

    // Set Colon based on input
    if(colon_en == TRUE){
        PORTB |= (1<<COL_SEL);
 932:	2f 9a       	sbi	0x05, 7	; 5
    }
    else{
        PORTB &= ~(1<<COL_SEL);
    }
}
 934:	1f 91       	pop	r17
 936:	0f 91       	pop	r16
 938:	ff 90       	pop	r15
 93a:	ef 90       	pop	r14
 93c:	df 90       	pop	r13
 93e:	08 95       	ret

00000940 <write_shift_reg>:
//
//Function to send and receive data for both master and slave
void write_shift_reg (uint8_t data)
{
    // Load data into the buffer
    SPDR = data;
 940:	8e bd       	out	0x2e, r24	; 46
 
    //Wait until transmission complete
    while(!(SPSR & (1<<SPIF) ));
 942:	0d b4       	in	r0, 0x2d	; 45
 944:	07 fe       	sbrs	r0, 7
 946:	fd cf       	rjmp	.-6      	; 0x942 <write_shift_reg+0x2>
}
 948:	08 95       	ret

0000094a <__udivmodqi4>:
 94a:	99 1b       	sub	r25, r25
 94c:	79 e0       	ldi	r23, 0x09	; 9
 94e:	04 c0       	rjmp	.+8      	; 0x958 <__udivmodqi4_ep>

00000950 <__udivmodqi4_loop>:
 950:	99 1f       	adc	r25, r25
 952:	96 17       	cp	r25, r22
 954:	08 f0       	brcs	.+2      	; 0x958 <__udivmodqi4_ep>
 956:	96 1b       	sub	r25, r22

00000958 <__udivmodqi4_ep>:
 958:	88 1f       	adc	r24, r24
 95a:	7a 95       	dec	r23
 95c:	c9 f7       	brne	.-14     	; 0x950 <__udivmodqi4_loop>
 95e:	80 95       	com	r24
 960:	08 95       	ret

00000962 <__divmodhi4>:
 962:	97 fb       	bst	r25, 7
 964:	09 2e       	mov	r0, r25
 966:	07 26       	eor	r0, r23
 968:	0a d0       	rcall	.+20     	; 0x97e <__divmodhi4_neg1>
 96a:	77 fd       	sbrc	r23, 7
 96c:	04 d0       	rcall	.+8      	; 0x976 <__divmodhi4_neg2>
 96e:	0c d0       	rcall	.+24     	; 0x988 <__udivmodhi4>
 970:	06 d0       	rcall	.+12     	; 0x97e <__divmodhi4_neg1>
 972:	00 20       	and	r0, r0
 974:	1a f4       	brpl	.+6      	; 0x97c <__divmodhi4_exit>

00000976 <__divmodhi4_neg2>:
 976:	70 95       	com	r23
 978:	61 95       	neg	r22
 97a:	7f 4f       	sbci	r23, 0xFF	; 255

0000097c <__divmodhi4_exit>:
 97c:	08 95       	ret

0000097e <__divmodhi4_neg1>:
 97e:	f6 f7       	brtc	.-4      	; 0x97c <__divmodhi4_exit>
 980:	90 95       	com	r25
 982:	81 95       	neg	r24
 984:	9f 4f       	sbci	r25, 0xFF	; 255
 986:	08 95       	ret

00000988 <__udivmodhi4>:
 988:	aa 1b       	sub	r26, r26
 98a:	bb 1b       	sub	r27, r27
 98c:	51 e1       	ldi	r21, 0x11	; 17
 98e:	07 c0       	rjmp	.+14     	; 0x99e <__udivmodhi4_ep>

00000990 <__udivmodhi4_loop>:
 990:	aa 1f       	adc	r26, r26
 992:	bb 1f       	adc	r27, r27
 994:	a6 17       	cp	r26, r22
 996:	b7 07       	cpc	r27, r23
 998:	10 f0       	brcs	.+4      	; 0x99e <__udivmodhi4_ep>
 99a:	a6 1b       	sub	r26, r22
 99c:	b7 0b       	sbc	r27, r23

0000099e <__udivmodhi4_ep>:
 99e:	88 1f       	adc	r24, r24
 9a0:	99 1f       	adc	r25, r25
 9a2:	5a 95       	dec	r21
 9a4:	a9 f7       	brne	.-22     	; 0x990 <__udivmodhi4_loop>
 9a6:	80 95       	com	r24
 9a8:	90 95       	com	r25
 9aa:	bc 01       	movw	r22, r24
 9ac:	cd 01       	movw	r24, r26
 9ae:	08 95       	ret

000009b0 <__eerd_block_m48>:
 9b0:	dc 01       	movw	r26, r24
 9b2:	86 2f       	mov	r24, r22

000009b4 <__eerd_blraw_m48>:
 9b4:	e8 2f       	mov	r30, r24
 9b6:	f9 99       	sbic	0x1f, 1	; 31
 9b8:	fe cf       	rjmp	.-4      	; 0x9b6 <__eerd_blraw_m48+0x2>
 9ba:	12 bc       	out	0x22, r1	; 34
 9bc:	05 c0       	rjmp	.+10     	; 0x9c8 <__eerd_blraw_m48+0x14>
 9be:	e1 bd       	out	0x21, r30	; 33
 9c0:	f8 9a       	sbi	0x1f, 0	; 31
 9c2:	e3 95       	inc	r30
 9c4:	00 b4       	in	r0, 0x20	; 32
 9c6:	0d 92       	st	X+, r0
 9c8:	41 50       	subi	r20, 0x01	; 1
 9ca:	c8 f7       	brcc	.-14     	; 0x9be <__eerd_blraw_m48+0xa>
 9cc:	08 95       	ret

000009ce <__eewr_block_m48>:
 9ce:	dc 01       	movw	r26, r24
 9d0:	86 2f       	mov	r24, r22
 9d2:	02 c0       	rjmp	.+4      	; 0x9d8 <__eewr_block_m48+0xa>
 9d4:	2d 91       	ld	r18, X+
 9d6:	04 d0       	rcall	.+8      	; 0x9e0 <__eewr_r18_m48>
 9d8:	41 50       	subi	r20, 0x01	; 1
 9da:	e0 f7       	brcc	.-8      	; 0x9d4 <__eewr_block_m48+0x6>
 9dc:	08 95       	ret

000009de <__eewr_byte_m48>:
 9de:	26 2f       	mov	r18, r22

000009e0 <__eewr_r18_m48>:
 9e0:	f9 99       	sbic	0x1f, 1	; 31
 9e2:	fe cf       	rjmp	.-4      	; 0x9e0 <__eewr_r18_m48>
 9e4:	1f ba       	out	0x1f, r1	; 31
 9e6:	12 bc       	out	0x22, r1	; 34
 9e8:	81 bd       	out	0x21, r24	; 33
 9ea:	20 bd       	out	0x20, r18	; 32
 9ec:	0f b6       	in	r0, 0x3f	; 63
 9ee:	f8 94       	cli
 9f0:	fa 9a       	sbi	0x1f, 2	; 31
 9f2:	f9 9a       	sbi	0x1f, 1	; 31
 9f4:	0f be       	out	0x3f, r0	; 63
 9f6:	01 96       	adiw	r24, 0x01	; 1
 9f8:	08 95       	ret

000009fa <_exit>:
 9fa:	f8 94       	cli

000009fc <__stop_program>:
 9fc:	ff cf       	rjmp	.-2      	; 0x9fc <__stop_program>
